PREHOOK: query: EXPLAIN
SELECT subq.key, subq.value FROM 
(SELECT x.* FROM SRC x ORDER BY key limit 10) subq
where subq.key < 10
PREHOOK: type: QUERY
POSTHOOK: query: EXPLAIN
SELECT subq.key, subq.value FROM 
(SELECT x.* FROM SRC x ORDER BY key limit 10) subq
where subq.key < 10
POSTHOOK: type: QUERY
STAGE DEPENDENCIES:
  Stage-1 is a root stage
  Stage-0 depends on stages: Stage-1

STAGE PLANS:
  Stage: Stage-1
    Spark
      Edges:
        Reducer 2 <- Map 1 (GROUP SORT)
#### A masked pattern was here ####
      Vertices:
        Map 1 
            Map Operator Tree:
                TableScan
                  alias: x
                  Select Operator
                    expressions: key (type: string), value (type: string)
                    outputColumnNames: _col0, _col1
                    Reduce Output Operator
                      key expressions: _col0 (type: string)
                      sort order: +
                      value expressions: _col1 (type: string)
        Reducer 2 
            Reduce Operator Tree:
              Select Operator
                expressions: KEY.reducesinkkey0 (type: string), VALUE._col0 (type: string)
                outputColumnNames: _col0, _col1
                Limit
                  Number of rows: 10
                  Filter Operator
                    predicate: (_col0 < 10) (type: boolean)
                    Select Operator
                      expressions: _col0 (type: string), _col1 (type: string)
                      outputColumnNames: _col0, _col1
                      File Output Operator
                        compressed: false
                        table:
                            input format: org.apache.hadoop.mapred.TextInputFormat
                            output format: org.apache.hadoop.hive.ql.io.HiveIgnoreKeyTextOutputFormat
                            serde: org.apache.hadoop.hive.serde2.lazy.LazySimpleSerDe

  Stage: Stage-0
    Fetch Operator
      limit: -1
      Processor Tree:
        ListSink

PREHOOK: query: SELECT subq.key, subq.value FROM 
(SELECT x.* FROM SRC x ORDER BY key limit 10) subq
where subq.key < 10
PREHOOK: type: QUERY
PREHOOK: Input: default@src
#### A masked pattern was here ####
POSTHOOK: query: SELECT subq.key, subq.value FROM 
(SELECT x.* FROM SRC x ORDER BY key limit 10) subq
where subq.key < 10
POSTHOOK: type: QUERY
POSTHOOK: Input: default@src
#### A masked pattern was here ####
0	val_0
0	val_0
0	val_0
