PREHOOK: query: -- SORT_QUERY_RESULTS

create table alter_partition_change_col0 (c1 string, c2 string)
PREHOOK: type: CREATETABLE
PREHOOK: Output: database:default
PREHOOK: Output: default@alter_partition_change_col0
POSTHOOK: query: -- SORT_QUERY_RESULTS

create table alter_partition_change_col0 (c1 string, c2 string)
POSTHOOK: type: CREATETABLE
POSTHOOK: Output: database:default
POSTHOOK: Output: default@alter_partition_change_col0
PREHOOK: query: load data local inpath '../../data/files/dec.txt' overwrite into table alter_partition_change_col0
PREHOOK: type: LOAD
#### A masked pattern was here ####
PREHOOK: Output: default@alter_partition_change_col0
POSTHOOK: query: load data local inpath '../../data/files/dec.txt' overwrite into table alter_partition_change_col0
POSTHOOK: type: LOAD
#### A masked pattern was here ####
POSTHOOK: Output: default@alter_partition_change_col0
PREHOOK: query: create table alter_partition_change_col1 (c1 string, c2 string) partitioned by (p1 string)
PREHOOK: type: CREATETABLE
PREHOOK: Output: database:default
PREHOOK: Output: default@alter_partition_change_col1
POSTHOOK: query: create table alter_partition_change_col1 (c1 string, c2 string) partitioned by (p1 string)
POSTHOOK: type: CREATETABLE
POSTHOOK: Output: database:default
POSTHOOK: Output: default@alter_partition_change_col1
PREHOOK: query: insert overwrite table alter_partition_change_col1 partition (p1)
  select c1, c2, 'abc' from alter_partition_change_col0
  union all
  select c1, c2, null from alter_partition_change_col0
PREHOOK: type: QUERY
PREHOOK: Input: default@alter_partition_change_col0
PREHOOK: Output: default@alter_partition_change_col1
POSTHOOK: query: insert overwrite table alter_partition_change_col1 partition (p1)
  select c1, c2, 'abc' from alter_partition_change_col0
  union all
  select c1, c2, null from alter_partition_change_col0
POSTHOOK: type: QUERY
POSTHOOK: Input: default@alter_partition_change_col0
POSTHOOK: Output: default@alter_partition_change_col1@p1=__HIVE_DEFAULT_PARTITION__
POSTHOOK: Output: default@alter_partition_change_col1@p1=abc
POSTHOOK: Lineage: alter_partition_change_col1 PARTITION(p1=__HIVE_DEFAULT_PARTITION__).c1 EXPRESSION [(alter_partition_change_col0)alter_partition_change_col0.FieldSchema(name:c1, type:string, comment:null), (alter_partition_change_col0)alter_partition_change_col0.FieldSchema(name:c1, type:string, comment:null), ]
POSTHOOK: Lineage: alter_partition_change_col1 PARTITION(p1=__HIVE_DEFAULT_PARTITION__).c2 EXPRESSION [(alter_partition_change_col0)alter_partition_change_col0.FieldSchema(name:c2, type:string, comment:null), (alter_partition_change_col0)alter_partition_change_col0.FieldSchema(name:c2, type:string, comment:null), ]
POSTHOOK: Lineage: alter_partition_change_col1 PARTITION(p1=abc).c1 EXPRESSION [(alter_partition_change_col0)alter_partition_change_col0.FieldSchema(name:c1, type:string, comment:null), (alter_partition_change_col0)alter_partition_change_col0.FieldSchema(name:c1, type:string, comment:null), ]
POSTHOOK: Lineage: alter_partition_change_col1 PARTITION(p1=abc).c2 EXPRESSION [(alter_partition_change_col0)alter_partition_change_col0.FieldSchema(name:c2, type:string, comment:null), (alter_partition_change_col0)alter_partition_change_col0.FieldSchema(name:c2, type:string, comment:null), ]
PREHOOK: query: show partitions alter_partition_change_col1
PREHOOK: type: SHOWPARTITIONS
PREHOOK: Input: default@alter_partition_change_col1
POSTHOOK: query: show partitions alter_partition_change_col1
POSTHOOK: type: SHOWPARTITIONS
POSTHOOK: Input: default@alter_partition_change_col1
p1=__HIVE_DEFAULT_PARTITION__
p1=abc
PREHOOK: query: select * from alter_partition_change_col1
PREHOOK: type: QUERY
PREHOOK: Input: default@alter_partition_change_col1
PREHOOK: Input: default@alter_partition_change_col1@p1=__HIVE_DEFAULT_PARTITION__
PREHOOK: Input: default@alter_partition_change_col1@p1=abc
#### A masked pattern was here ####
POSTHOOK: query: select * from alter_partition_change_col1
POSTHOOK: type: QUERY
POSTHOOK: Input: default@alter_partition_change_col1
POSTHOOK: Input: default@alter_partition_change_col1@p1=__HIVE_DEFAULT_PARTITION__
POSTHOOK: Input: default@alter_partition_change_col1@p1=abc
#### A masked pattern was here ####
Beck	0.0	__HIVE_DEFAULT_PARTITION__
Beck	0.0	abc
Beck	77.341	__HIVE_DEFAULT_PARTITION__
Beck	77.341	abc
Beck	79.9	__HIVE_DEFAULT_PARTITION__
Beck	79.9	abc
Cluck	5.96	__HIVE_DEFAULT_PARTITION__
Cluck	5.96	abc
Mary	33.33	__HIVE_DEFAULT_PARTITION__
Mary	33.33	abc
Mary	4.329	__HIVE_DEFAULT_PARTITION__
Mary	4.329	abc
Snow	55.71	__HIVE_DEFAULT_PARTITION__
Snow	55.71	abc
Tom	-12.25	__HIVE_DEFAULT_PARTITION__
Tom	-12.25	abc
Tom	19.00	__HIVE_DEFAULT_PARTITION__
Tom	19.00	abc
Tom	234.79	__HIVE_DEFAULT_PARTITION__
Tom	234.79	abc
PREHOOK: query: -- Change c2 to decimal(10,0)
alter table alter_partition_change_col1 change c2 c2 decimal(10,0)
PREHOOK: type: ALTERTABLE_RENAMECOL
PREHOOK: Input: default@alter_partition_change_col1
PREHOOK: Output: default@alter_partition_change_col1
POSTHOOK: query: -- Change c2 to decimal(10,0)
alter table alter_partition_change_col1 change c2 c2 decimal(10,0)
POSTHOOK: type: ALTERTABLE_RENAMECOL
POSTHOOK: Input: default@alter_partition_change_col1
POSTHOOK: Output: default@alter_partition_change_col1
PREHOOK: query: alter table alter_partition_change_col1 partition (p1='abc') change c2 c2 decimal(10,0)
PREHOOK: type: ALTERTABLE_RENAMECOL
PREHOOK: Input: default@alter_partition_change_col1
PREHOOK: Output: default@alter_partition_change_col1@p1=abc
POSTHOOK: query: alter table alter_partition_change_col1 partition (p1='abc') change c2 c2 decimal(10,0)
POSTHOOK: type: ALTERTABLE_RENAMECOL
POSTHOOK: Input: default@alter_partition_change_col1
POSTHOOK: Input: default@alter_partition_change_col1@p1=abc
POSTHOOK: Output: default@alter_partition_change_col1@p1=abc
PREHOOK: query: alter table alter_partition_change_col1 partition (p1='__HIVE_DEFAULT_PARTITION__') change c2 c2 decimal(10,0)
PREHOOK: type: ALTERTABLE_RENAMECOL
PREHOOK: Input: default@alter_partition_change_col1
PREHOOK: Output: default@alter_partition_change_col1@p1=__HIVE_DEFAULT_PARTITION__
POSTHOOK: query: alter table alter_partition_change_col1 partition (p1='__HIVE_DEFAULT_PARTITION__') change c2 c2 decimal(10,0)
POSTHOOK: type: ALTERTABLE_RENAMECOL
POSTHOOK: Input: default@alter_partition_change_col1
POSTHOOK: Input: default@alter_partition_change_col1@p1=__HIVE_DEFAULT_PARTITION__
POSTHOOK: Output: default@alter_partition_change_col1@p1=__HIVE_DEFAULT_PARTITION__
PREHOOK: query: select * from alter_partition_change_col1
PREHOOK: type: QUERY
PREHOOK: Input: default@alter_partition_change_col1
PREHOOK: Input: default@alter_partition_change_col1@p1=__HIVE_DEFAULT_PARTITION__
PREHOOK: Input: default@alter_partition_change_col1@p1=abc
#### A masked pattern was here ####
POSTHOOK: query: select * from alter_partition_change_col1
POSTHOOK: type: QUERY
POSTHOOK: Input: default@alter_partition_change_col1
POSTHOOK: Input: default@alter_partition_change_col1@p1=__HIVE_DEFAULT_PARTITION__
POSTHOOK: Input: default@alter_partition_change_col1@p1=abc
#### A masked pattern was here ####
Beck	0	__HIVE_DEFAULT_PARTITION__
Beck	0	abc
Beck	77	__HIVE_DEFAULT_PARTITION__
Beck	77	abc
Beck	80	__HIVE_DEFAULT_PARTITION__
Beck	80	abc
Cluck	6	__HIVE_DEFAULT_PARTITION__
Cluck	6	abc
Mary	33	__HIVE_DEFAULT_PARTITION__
Mary	33	abc
Mary	4	__HIVE_DEFAULT_PARTITION__
Mary	4	abc
Snow	56	__HIVE_DEFAULT_PARTITION__
Snow	56	abc
Tom	-12	__HIVE_DEFAULT_PARTITION__
Tom	-12	abc
Tom	19	__HIVE_DEFAULT_PARTITION__
Tom	19	abc
Tom	235	__HIVE_DEFAULT_PARTITION__
Tom	235	abc
PREHOOK: query: -- Change the column type at the table level. Table-level describe shows the new type, but the existing partition does not.
alter table alter_partition_change_col1 change c2 c2 decimal(14,4)
PREHOOK: type: ALTERTABLE_RENAMECOL
PREHOOK: Input: default@alter_partition_change_col1
PREHOOK: Output: default@alter_partition_change_col1
POSTHOOK: query: -- Change the column type at the table level. Table-level describe shows the new type, but the existing partition does not.
alter table alter_partition_change_col1 change c2 c2 decimal(14,4)
POSTHOOK: type: ALTERTABLE_RENAMECOL
POSTHOOK: Input: default@alter_partition_change_col1
POSTHOOK: Output: default@alter_partition_change_col1
PREHOOK: query: describe alter_partition_change_col1
PREHOOK: type: DESCTABLE
PREHOOK: Input: default@alter_partition_change_col1
POSTHOOK: query: describe alter_partition_change_col1
POSTHOOK: type: DESCTABLE
POSTHOOK: Input: default@alter_partition_change_col1
c1                  	string              	                    
c2                  	decimal(14,4)       	                    
p1                  	string              	                    
	 	 
# Partition Information	 	 
# col_name            	data_type           	comment             
	 	 
p1                  	string              	                    
PREHOOK: query: describe alter_partition_change_col1 partition (p1='abc')
PREHOOK: type: DESCTABLE
PREHOOK: Input: default@alter_partition_change_col1
POSTHOOK: query: describe alter_partition_change_col1 partition (p1='abc')
POSTHOOK: type: DESCTABLE
POSTHOOK: Input: default@alter_partition_change_col1
c1                  	string              	                    
c2                  	decimal(10,0)       	                    
p1                  	string              	                    
	 	 
# Partition Information	 	 
# col_name            	data_type           	comment             
	 	 
p1                  	string              	                    
PREHOOK: query: select * from alter_partition_change_col1
PREHOOK: type: QUERY
PREHOOK: Input: default@alter_partition_change_col1
PREHOOK: Input: default@alter_partition_change_col1@p1=__HIVE_DEFAULT_PARTITION__
PREHOOK: Input: default@alter_partition_change_col1@p1=abc
#### A masked pattern was here ####
POSTHOOK: query: select * from alter_partition_change_col1
POSTHOOK: type: QUERY
POSTHOOK: Input: default@alter_partition_change_col1
POSTHOOK: Input: default@alter_partition_change_col1@p1=__HIVE_DEFAULT_PARTITION__
POSTHOOK: Input: default@alter_partition_change_col1@p1=abc
#### A masked pattern was here ####
Beck	0	__HIVE_DEFAULT_PARTITION__
Beck	0	abc
Beck	77	__HIVE_DEFAULT_PARTITION__
Beck	77	abc
Beck	80	__HIVE_DEFAULT_PARTITION__
Beck	80	abc
Cluck	6	__HIVE_DEFAULT_PARTITION__
Cluck	6	abc
Mary	33	__HIVE_DEFAULT_PARTITION__
Mary	33	abc
Mary	4	__HIVE_DEFAULT_PARTITION__
Mary	4	abc
Snow	56	__HIVE_DEFAULT_PARTITION__
Snow	56	abc
Tom	-12	__HIVE_DEFAULT_PARTITION__
Tom	-12	abc
Tom	19	__HIVE_DEFAULT_PARTITION__
Tom	19	abc
Tom	235	__HIVE_DEFAULT_PARTITION__
Tom	235	abc
PREHOOK: query: -- now change the column type of the existing partition
alter table alter_partition_change_col1 partition (p1='abc') change c2 c2 decimal(14,4)
PREHOOK: type: ALTERTABLE_RENAMECOL
PREHOOK: Input: default@alter_partition_change_col1
PREHOOK: Output: default@alter_partition_change_col1@p1=abc
POSTHOOK: query: -- now change the column type of the existing partition
alter table alter_partition_change_col1 partition (p1='abc') change c2 c2 decimal(14,4)
POSTHOOK: type: ALTERTABLE_RENAMECOL
POSTHOOK: Input: default@alter_partition_change_col1
POSTHOOK: Input: default@alter_partition_change_col1@p1=abc
POSTHOOK: Output: default@alter_partition_change_col1@p1=abc
PREHOOK: query: describe alter_partition_change_col1 partition (p1='abc')
PREHOOK: type: DESCTABLE
PREHOOK: Input: default@alter_partition_change_col1
POSTHOOK: query: describe alter_partition_change_col1 partition (p1='abc')
POSTHOOK: type: DESCTABLE
POSTHOOK: Input: default@alter_partition_change_col1
c1                  	string              	                    
c2                  	decimal(14,4)       	                    
p1                  	string              	                    
	 	 
# Partition Information	 	 
# col_name            	data_type           	comment             
	 	 
p1                  	string              	                    
PREHOOK: query: select * from alter_partition_change_col1
PREHOOK: type: QUERY
PREHOOK: Input: default@alter_partition_change_col1
PREHOOK: Input: default@alter_partition_change_col1@p1=__HIVE_DEFAULT_PARTITION__
PREHOOK: Input: default@alter_partition_change_col1@p1=abc
#### A masked pattern was here ####
POSTHOOK: query: select * from alter_partition_change_col1
POSTHOOK: type: QUERY
POSTHOOK: Input: default@alter_partition_change_col1
POSTHOOK: Input: default@alter_partition_change_col1@p1=__HIVE_DEFAULT_PARTITION__
POSTHOOK: Input: default@alter_partition_change_col1@p1=abc
#### A masked pattern was here ####
Beck	0	__HIVE_DEFAULT_PARTITION__
Beck	0.0	abc
Beck	77	__HIVE_DEFAULT_PARTITION__
Beck	77.341	abc
Beck	79.9	abc
Beck	80	__HIVE_DEFAULT_PARTITION__
Cluck	5.96	abc
Cluck	6	__HIVE_DEFAULT_PARTITION__
Mary	33	__HIVE_DEFAULT_PARTITION__
Mary	33.33	abc
Mary	4	__HIVE_DEFAULT_PARTITION__
Mary	4.329	abc
Snow	55.71	abc
Snow	56	__HIVE_DEFAULT_PARTITION__
Tom	-12	__HIVE_DEFAULT_PARTITION__
Tom	-12.25	abc
Tom	19	__HIVE_DEFAULT_PARTITION__
Tom	19.00	abc
Tom	234.79	abc
Tom	235	__HIVE_DEFAULT_PARTITION__
PREHOOK: query: -- change column for default partition value
alter table alter_partition_change_col1 partition (p1='__HIVE_DEFAULT_PARTITION__') change c2 c2 decimal(14,4)
PREHOOK: type: ALTERTABLE_RENAMECOL
PREHOOK: Input: default@alter_partition_change_col1
PREHOOK: Output: default@alter_partition_change_col1@p1=__HIVE_DEFAULT_PARTITION__
POSTHOOK: query: -- change column for default partition value
alter table alter_partition_change_col1 partition (p1='__HIVE_DEFAULT_PARTITION__') change c2 c2 decimal(14,4)
POSTHOOK: type: ALTERTABLE_RENAMECOL
POSTHOOK: Input: default@alter_partition_change_col1
POSTHOOK: Input: default@alter_partition_change_col1@p1=__HIVE_DEFAULT_PARTITION__
POSTHOOK: Output: default@alter_partition_change_col1@p1=__HIVE_DEFAULT_PARTITION__
PREHOOK: query: describe alter_partition_change_col1 partition (p1='__HIVE_DEFAULT_PARTITION__')
PREHOOK: type: DESCTABLE
PREHOOK: Input: default@alter_partition_change_col1
POSTHOOK: query: describe alter_partition_change_col1 partition (p1='__HIVE_DEFAULT_PARTITION__')
POSTHOOK: type: DESCTABLE
POSTHOOK: Input: default@alter_partition_change_col1
c1                  	string              	                    
c2                  	decimal(14,4)       	                    
p1                  	string              	                    
	 	 
# Partition Information	 	 
# col_name            	data_type           	comment             
	 	 
p1                  	string              	                    
PREHOOK: query: select * from alter_partition_change_col1
PREHOOK: type: QUERY
PREHOOK: Input: default@alter_partition_change_col1
PREHOOK: Input: default@alter_partition_change_col1@p1=__HIVE_DEFAULT_PARTITION__
PREHOOK: Input: default@alter_partition_change_col1@p1=abc
#### A masked pattern was here ####
POSTHOOK: query: select * from alter_partition_change_col1
POSTHOOK: type: QUERY
POSTHOOK: Input: default@alter_partition_change_col1
POSTHOOK: Input: default@alter_partition_change_col1@p1=__HIVE_DEFAULT_PARTITION__
POSTHOOK: Input: default@alter_partition_change_col1@p1=abc
#### A masked pattern was here ####
Beck	0.0	__HIVE_DEFAULT_PARTITION__
Beck	0.0	abc
Beck	77.341	__HIVE_DEFAULT_PARTITION__
Beck	77.341	abc
Beck	79.9	__HIVE_DEFAULT_PARTITION__
Beck	79.9	abc
Cluck	5.96	__HIVE_DEFAULT_PARTITION__
Cluck	5.96	abc
Mary	33.33	__HIVE_DEFAULT_PARTITION__
Mary	33.33	abc
Mary	4.329	__HIVE_DEFAULT_PARTITION__
Mary	4.329	abc
Snow	55.71	__HIVE_DEFAULT_PARTITION__
Snow	55.71	abc
Tom	-12.25	__HIVE_DEFAULT_PARTITION__
Tom	-12.25	abc
Tom	19.00	__HIVE_DEFAULT_PARTITION__
Tom	19.00	abc
Tom	234.79	__HIVE_DEFAULT_PARTITION__
Tom	234.79	abc
PREHOOK: query: -- Try out replace columns
alter table alter_partition_change_col1 partition (p1='abc') replace columns (c1 string)
PREHOOK: type: ALTERTABLE_REPLACECOLS
PREHOOK: Input: default@alter_partition_change_col1
PREHOOK: Output: default@alter_partition_change_col1@p1=abc
POSTHOOK: query: -- Try out replace columns
alter table alter_partition_change_col1 partition (p1='abc') replace columns (c1 string)
POSTHOOK: type: ALTERTABLE_REPLACECOLS
POSTHOOK: Input: default@alter_partition_change_col1
POSTHOOK: Input: default@alter_partition_change_col1@p1=abc
POSTHOOK: Output: default@alter_partition_change_col1@p1=abc
PREHOOK: query: describe alter_partition_change_col1
PREHOOK: type: DESCTABLE
PREHOOK: Input: default@alter_partition_change_col1
POSTHOOK: query: describe alter_partition_change_col1
POSTHOOK: type: DESCTABLE
POSTHOOK: Input: default@alter_partition_change_col1
c1                  	string              	                    
c2                  	decimal(14,4)       	                    
p1                  	string              	                    
	 	 
# Partition Information	 	 
# col_name            	data_type           	comment             
	 	 
p1                  	string              	                    
PREHOOK: query: describe alter_partition_change_col1 partition (p1='abc')
PREHOOK: type: DESCTABLE
PREHOOK: Input: default@alter_partition_change_col1
POSTHOOK: query: describe alter_partition_change_col1 partition (p1='abc')
POSTHOOK: type: DESCTABLE
POSTHOOK: Input: default@alter_partition_change_col1
c1                  	string              	                    
p1                  	string              	                    
	 	 
# Partition Information	 	 
# col_name            	data_type           	comment             
	 	 
p1                  	string              	                    
PREHOOK: query: select * from alter_partition_change_col1
PREHOOK: type: QUERY
PREHOOK: Input: default@alter_partition_change_col1
PREHOOK: Input: default@alter_partition_change_col1@p1=__HIVE_DEFAULT_PARTITION__
PREHOOK: Input: default@alter_partition_change_col1@p1=abc
#### A masked pattern was here ####
POSTHOOK: query: select * from alter_partition_change_col1
POSTHOOK: type: QUERY
POSTHOOK: Input: default@alter_partition_change_col1
POSTHOOK: Input: default@alter_partition_change_col1@p1=__HIVE_DEFAULT_PARTITION__
POSTHOOK: Input: default@alter_partition_change_col1@p1=abc
#### A masked pattern was here ####
Beck	0.0	__HIVE_DEFAULT_PARTITION__
Beck	77.341	__HIVE_DEFAULT_PARTITION__
Beck	79.9	__HIVE_DEFAULT_PARTITION__
Beck	NULL	abc
Beck	NULL	abc
Beck	NULL	abc
Cluck	5.96	__HIVE_DEFAULT_PARTITION__
Cluck	NULL	abc
Mary	33.33	__HIVE_DEFAULT_PARTITION__
Mary	4.329	__HIVE_DEFAULT_PARTITION__
Mary	NULL	abc
Mary	NULL	abc
Snow	55.71	__HIVE_DEFAULT_PARTITION__
Snow	NULL	abc
Tom	-12.25	__HIVE_DEFAULT_PARTITION__
Tom	19.00	__HIVE_DEFAULT_PARTITION__
Tom	234.79	__HIVE_DEFAULT_PARTITION__
Tom	NULL	abc
Tom	NULL	abc
Tom	NULL	abc
PREHOOK: query: alter table alter_partition_change_col1 replace columns (c1 string)
PREHOOK: type: ALTERTABLE_REPLACECOLS
PREHOOK: Input: default@alter_partition_change_col1
PREHOOK: Output: default@alter_partition_change_col1
POSTHOOK: query: alter table alter_partition_change_col1 replace columns (c1 string)
POSTHOOK: type: ALTERTABLE_REPLACECOLS
POSTHOOK: Input: default@alter_partition_change_col1
POSTHOOK: Output: default@alter_partition_change_col1
PREHOOK: query: describe alter_partition_change_col1
PREHOOK: type: DESCTABLE
PREHOOK: Input: default@alter_partition_change_col1
POSTHOOK: query: describe alter_partition_change_col1
POSTHOOK: type: DESCTABLE
POSTHOOK: Input: default@alter_partition_change_col1
c1                  	string              	                    
p1                  	string              	                    
	 	 
# Partition Information	 	 
# col_name            	data_type           	comment             
	 	 
p1                  	string              	                    
PREHOOK: query: select * from alter_partition_change_col1
PREHOOK: type: QUERY
PREHOOK: Input: default@alter_partition_change_col1
PREHOOK: Input: default@alter_partition_change_col1@p1=__HIVE_DEFAULT_PARTITION__
PREHOOK: Input: default@alter_partition_change_col1@p1=abc
#### A masked pattern was here ####
POSTHOOK: query: select * from alter_partition_change_col1
POSTHOOK: type: QUERY
POSTHOOK: Input: default@alter_partition_change_col1
POSTHOOK: Input: default@alter_partition_change_col1@p1=__HIVE_DEFAULT_PARTITION__
POSTHOOK: Input: default@alter_partition_change_col1@p1=abc
#### A masked pattern was here ####
Beck	__HIVE_DEFAULT_PARTITION__
Beck	__HIVE_DEFAULT_PARTITION__
Beck	__HIVE_DEFAULT_PARTITION__
Beck	abc
Beck	abc
Beck	abc
Cluck	__HIVE_DEFAULT_PARTITION__
Cluck	abc
Mary	__HIVE_DEFAULT_PARTITION__
Mary	__HIVE_DEFAULT_PARTITION__
Mary	abc
Mary	abc
Snow	__HIVE_DEFAULT_PARTITION__
Snow	abc
Tom	__HIVE_DEFAULT_PARTITION__
Tom	__HIVE_DEFAULT_PARTITION__
Tom	__HIVE_DEFAULT_PARTITION__
Tom	abc
Tom	abc
Tom	abc
PREHOOK: query: -- Try add columns
alter table alter_partition_change_col1 add columns (c2 decimal(14,4))
PREHOOK: type: ALTERTABLE_ADDCOLS
PREHOOK: Input: default@alter_partition_change_col1
PREHOOK: Output: default@alter_partition_change_col1
POSTHOOK: query: -- Try add columns
alter table alter_partition_change_col1 add columns (c2 decimal(14,4))
POSTHOOK: type: ALTERTABLE_ADDCOLS
POSTHOOK: Input: default@alter_partition_change_col1
POSTHOOK: Output: default@alter_partition_change_col1
PREHOOK: query: describe alter_partition_change_col1
PREHOOK: type: DESCTABLE
PREHOOK: Input: default@alter_partition_change_col1
POSTHOOK: query: describe alter_partition_change_col1
POSTHOOK: type: DESCTABLE
POSTHOOK: Input: default@alter_partition_change_col1
c1                  	string              	                    
c2                  	decimal(14,4)       	                    
p1                  	string              	                    
	 	 
# Partition Information	 	 
# col_name            	data_type           	comment             
	 	 
p1                  	string              	                    
PREHOOK: query: describe alter_partition_change_col1 partition (p1='abc')
PREHOOK: type: DESCTABLE
PREHOOK: Input: default@alter_partition_change_col1
POSTHOOK: query: describe alter_partition_change_col1 partition (p1='abc')
POSTHOOK: type: DESCTABLE
POSTHOOK: Input: default@alter_partition_change_col1
c1                  	string              	                    
p1                  	string              	                    
	 	 
# Partition Information	 	 
# col_name            	data_type           	comment             
	 	 
p1                  	string              	                    
PREHOOK: query: select * from alter_partition_change_col1
PREHOOK: type: QUERY
PREHOOK: Input: default@alter_partition_change_col1
PREHOOK: Input: default@alter_partition_change_col1@p1=__HIVE_DEFAULT_PARTITION__
PREHOOK: Input: default@alter_partition_change_col1@p1=abc
#### A masked pattern was here ####
POSTHOOK: query: select * from alter_partition_change_col1
POSTHOOK: type: QUERY
POSTHOOK: Input: default@alter_partition_change_col1
POSTHOOK: Input: default@alter_partition_change_col1@p1=__HIVE_DEFAULT_PARTITION__
POSTHOOK: Input: default@alter_partition_change_col1@p1=abc
#### A masked pattern was here ####
Beck	0.0	__HIVE_DEFAULT_PARTITION__
Beck	77.341	__HIVE_DEFAULT_PARTITION__
Beck	79.9	__HIVE_DEFAULT_PARTITION__
Beck	NULL	abc
Beck	NULL	abc
Beck	NULL	abc
Cluck	5.96	__HIVE_DEFAULT_PARTITION__
Cluck	NULL	abc
Mary	33.33	__HIVE_DEFAULT_PARTITION__
Mary	4.329	__HIVE_DEFAULT_PARTITION__
Mary	NULL	abc
Mary	NULL	abc
Snow	55.71	__HIVE_DEFAULT_PARTITION__
Snow	NULL	abc
Tom	-12.25	__HIVE_DEFAULT_PARTITION__
Tom	19.00	__HIVE_DEFAULT_PARTITION__
Tom	234.79	__HIVE_DEFAULT_PARTITION__
Tom	NULL	abc
Tom	NULL	abc
Tom	NULL	abc
PREHOOK: query: alter table alter_partition_change_col1 partition (p1='abc') add columns (c2 decimal(14,4))
PREHOOK: type: ALTERTABLE_ADDCOLS
PREHOOK: Input: default@alter_partition_change_col1
PREHOOK: Output: default@alter_partition_change_col1@p1=abc
POSTHOOK: query: alter table alter_partition_change_col1 partition (p1='abc') add columns (c2 decimal(14,4))
POSTHOOK: type: ALTERTABLE_ADDCOLS
POSTHOOK: Input: default@alter_partition_change_col1
POSTHOOK: Input: default@alter_partition_change_col1@p1=abc
POSTHOOK: Output: default@alter_partition_change_col1@p1=abc
PREHOOK: query: describe alter_partition_change_col1 partition (p1='abc')
PREHOOK: type: DESCTABLE
PREHOOK: Input: default@alter_partition_change_col1
POSTHOOK: query: describe alter_partition_change_col1 partition (p1='abc')
POSTHOOK: type: DESCTABLE
POSTHOOK: Input: default@alter_partition_change_col1
c1                  	string              	                    
c2                  	decimal(14,4)       	                    
p1                  	string              	                    
	 	 
# Partition Information	 	 
# col_name            	data_type           	comment             
	 	 
p1                  	string              	                    
PREHOOK: query: select * from alter_partition_change_col1
PREHOOK: type: QUERY
PREHOOK: Input: default@alter_partition_change_col1
PREHOOK: Input: default@alter_partition_change_col1@p1=__HIVE_DEFAULT_PARTITION__
PREHOOK: Input: default@alter_partition_change_col1@p1=abc
#### A masked pattern was here ####
POSTHOOK: query: select * from alter_partition_change_col1
POSTHOOK: type: QUERY
POSTHOOK: Input: default@alter_partition_change_col1
POSTHOOK: Input: default@alter_partition_change_col1@p1=__HIVE_DEFAULT_PARTITION__
POSTHOOK: Input: default@alter_partition_change_col1@p1=abc
#### A masked pattern was here ####
Beck	0.0	__HIVE_DEFAULT_PARTITION__
Beck	0.0	abc
Beck	77.341	__HIVE_DEFAULT_PARTITION__
Beck	77.341	abc
Beck	79.9	__HIVE_DEFAULT_PARTITION__
Beck	79.9	abc
Cluck	5.96	__HIVE_DEFAULT_PARTITION__
Cluck	5.96	abc
Mary	33.33	__HIVE_DEFAULT_PARTITION__
Mary	33.33	abc
Mary	4.329	__HIVE_DEFAULT_PARTITION__
Mary	4.329	abc
Snow	55.71	__HIVE_DEFAULT_PARTITION__
Snow	55.71	abc
Tom	-12.25	__HIVE_DEFAULT_PARTITION__
Tom	-12.25	abc
Tom	19.00	__HIVE_DEFAULT_PARTITION__
Tom	19.00	abc
Tom	234.79	__HIVE_DEFAULT_PARTITION__
Tom	234.79	abc
