PREHOOK: query: DROP TABLE IF EXISTS DECIMAL_PRECISION
PREHOOK: type: DROPTABLE
POSTHOOK: query: DROP TABLE IF EXISTS DECIMAL_PRECISION
POSTHOOK: type: DROPTABLE
PREHOOK: query: CREATE TABLE DECIMAL_PRECISION(dec decimal(60,30)) 
ROW FORMAT DELIMITED
   FIELDS TERMINATED BY ' '
STORED AS TEXTFILE
PREHOOK: type: CREATETABLE
POSTHOOK: query: CREATE TABLE DECIMAL_PRECISION(dec decimal(60,30)) 
ROW FORMAT DELIMITED
   FIELDS TERMINATED BY ' '
STORED AS TEXTFILE
POSTHOOK: type: CREATETABLE
POSTHOOK: Output: default@DECIMAL_PRECISION
PREHOOK: query: LOAD DATA LOCAL INPATH '../../data/files/kv8.txt' INTO TABLE DECIMAL_PRECISION
PREHOOK: type: LOAD
PREHOOK: Output: default@decimal_precision
POSTHOOK: query: LOAD DATA LOCAL INPATH '../../data/files/kv8.txt' INTO TABLE DECIMAL_PRECISION
POSTHOOK: type: LOAD
POSTHOOK: Output: default@decimal_precision
PREHOOK: query: SELECT * FROM DECIMAL_PRECISION ORDER BY dec
PREHOOK: type: QUERY
PREHOOK: Input: default@decimal_precision
#### A masked pattern was here ####
POSTHOOK: query: SELECT * FROM DECIMAL_PRECISION ORDER BY dec
POSTHOOK: type: QUERY
POSTHOOK: Input: default@decimal_precision
#### A masked pattern was here ####
NULL
NULL
NULL
NULL
NULL
NULL
NULL
NULL
NULL
NULL
NULL
NULL
NULL
NULL
NULL
NULL
NULL
NULL
NULL
0
0
0
0
0
0.123456789012345
0.12345678901234567890123456789
1.234567890123456
1.234567890123456789012345678901
1.234567890123456789012345678901
12.34567890123456
12.345678901234567890123456789012
12.345678901234567890123456789012
123.4567890123456
123.456789012345678901234567890123
123.456789012345678901234567890123
1234.567890123456
1234.567890123456789012345678901235
1234.567890123456789012345678901235
12345.67890123456
12345.678901234567890123456789012346
123456.7890123456
123456.789012345678901234567890123457
1234567.890123456
1234567.890123456789012345678901234568
12345678.90123456
12345678.901234567890123456789012345678
123456789.0123456
123456789.01234567890123456789012345678
1234567890.123456
1234567890.1234567890123456789012345678
12345678901.23456
12345678901.234567890123456789012345678
123456789012.3456
123456789012.34567890123456789012345678
1234567890123.456
1234567890123.4567890123456789012345678
12345678901234.56
12345678901234.567890123456789012345678
123456789012345.6
123456789012345.67890123456789012345678
1234567890123456.7890123456789012345678
12345678901234567.890123456789012345678
123456789012345678.90123456789012345678
1234567890123456789.0123456789012345678
12345678901234567890.123456789012345678
123456789012345678901.23456789012345678
1234567890123456789012.3456789012345678
12345678901234567890123.456789012345678
123456789012345678901234.56789012345678
1234567890123456789012345.6789012345678
12345678901234567890123456.789012345678
123456789012345678901234567.89012345678
1234567890123456789012345678.9012345678
12345678901234567890123456789.012345678
123456789012345678901234567890.12345678
PREHOOK: query: SELECT dec, dec + 1, dec - 1 FROM DECIMAL_PRECISION ORDER BY dec
PREHOOK: type: QUERY
PREHOOK: Input: default@decimal_precision
#### A masked pattern was here ####
POSTHOOK: query: SELECT dec, dec + 1, dec - 1 FROM DECIMAL_PRECISION ORDER BY dec
POSTHOOK: type: QUERY
POSTHOOK: Input: default@decimal_precision
#### A masked pattern was here ####
NULL	NULL	NULL
NULL	NULL	NULL
NULL	NULL	NULL
NULL	NULL	NULL
NULL	NULL	NULL
NULL	NULL	NULL
NULL	NULL	NULL
NULL	NULL	NULL
NULL	NULL	NULL
NULL	NULL	NULL
NULL	NULL	NULL
NULL	NULL	NULL
NULL	NULL	NULL
NULL	NULL	NULL
NULL	NULL	NULL
NULL	NULL	NULL
NULL	NULL	NULL
NULL	NULL	NULL
NULL	NULL	NULL
0	1	-1
0	1	-1
0	1	-1
0	1	-1
0	1	-1
0.123456789012345	1.123456789012345	-0.876543210987655
0.12345678901234567890123456789	1.12345678901234567890123456789	-0.87654321098765432109876543211
1.234567890123456	2.234567890123456	0.234567890123456
1.234567890123456789012345678901	2.234567890123456789012345678901	0.234567890123456789012345678901
1.234567890123456789012345678901	2.234567890123456789012345678901	0.234567890123456789012345678901
12.34567890123456	13.34567890123456	11.34567890123456
12.345678901234567890123456789012	13.345678901234567890123456789012	11.345678901234567890123456789012
12.345678901234567890123456789012	13.345678901234567890123456789012	11.345678901234567890123456789012
123.4567890123456	124.4567890123456	122.4567890123456
123.456789012345678901234567890123	124.456789012345678901234567890123	122.456789012345678901234567890123
123.456789012345678901234567890123	124.456789012345678901234567890123	122.456789012345678901234567890123
1234.567890123456	1235.567890123456	1233.567890123456
1234.567890123456789012345678901235	1235.567890123456789012345678901235	1233.567890123456789012345678901235
1234.567890123456789012345678901235	1235.567890123456789012345678901235	1233.567890123456789012345678901235
12345.67890123456	12346.67890123456	12344.67890123456
12345.678901234567890123456789012346	12346.678901234567890123456789012346	12344.678901234567890123456789012346
123456.7890123456	123457.7890123456	123455.7890123456
123456.789012345678901234567890123457	123457.789012345678901234567890123457	123455.789012345678901234567890123457
1234567.890123456	1234568.890123456	1234566.890123456
1234567.890123456789012345678901234568	1234568.890123456789012345678901234568	1234566.890123456789012345678901234568
12345678.90123456	12345679.90123456	12345677.90123456
12345678.901234567890123456789012345678	12345679.901234567890123456789012345678	12345677.901234567890123456789012345678
123456789.0123456	123456790.0123456	123456788.0123456
123456789.01234567890123456789012345678	123456790.01234567890123456789012345678	123456788.01234567890123456789012345678
1234567890.123456	1234567891.123456	1234567889.123456
1234567890.1234567890123456789012345678	1234567891.1234567890123456789012345678	1234567889.1234567890123456789012345678
12345678901.23456	12345678902.23456	12345678900.23456
12345678901.234567890123456789012345678	12345678902.234567890123456789012345678	12345678900.234567890123456789012345678
123456789012.3456	123456789013.3456	123456789011.3456
123456789012.34567890123456789012345678	123456789013.34567890123456789012345678	123456789011.34567890123456789012345678
1234567890123.456	1234567890124.456	1234567890122.456
1234567890123.4567890123456789012345678	1234567890124.4567890123456789012345678	1234567890122.4567890123456789012345678
12345678901234.56	12345678901235.56	12345678901233.56
12345678901234.567890123456789012345678	12345678901235.567890123456789012345678	12345678901233.567890123456789012345678
123456789012345.6	123456789012346.6	123456789012344.6
123456789012345.67890123456789012345678	123456789012346.67890123456789012345678	123456789012344.67890123456789012345678
1234567890123456.7890123456789012345678	1234567890123457.7890123456789012345678	1234567890123455.7890123456789012345678
12345678901234567.890123456789012345678	12345678901234568.890123456789012345678	12345678901234566.890123456789012345678
123456789012345678.90123456789012345678	123456789012345679.90123456789012345678	123456789012345677.90123456789012345678
1234567890123456789.0123456789012345678	1234567890123456790.0123456789012345678	1234567890123456788.0123456789012345678
12345678901234567890.123456789012345678	12345678901234567891.123456789012345678	12345678901234567889.123456789012345678
123456789012345678901.23456789012345678	123456789012345678902.23456789012345678	123456789012345678900.23456789012345678
1234567890123456789012.3456789012345678	1234567890123456789013.3456789012345678	1234567890123456789011.3456789012345678
12345678901234567890123.456789012345678	12345678901234567890124.456789012345678	12345678901234567890122.456789012345678
123456789012345678901234.56789012345678	123456789012345678901235.56789012345678	123456789012345678901233.56789012345678
1234567890123456789012345.6789012345678	1234567890123456789012346.6789012345678	1234567890123456789012344.6789012345678
12345678901234567890123456.789012345678	12345678901234567890123457.789012345678	12345678901234567890123455.789012345678
123456789012345678901234567.89012345678	123456789012345678901234568.89012345678	123456789012345678901234566.89012345678
1234567890123456789012345678.9012345678	1234567890123456789012345679.9012345678	1234567890123456789012345677.9012345678
12345678901234567890123456789.012345678	12345678901234567890123456790.012345678	12345678901234567890123456788.012345678
123456789012345678901234567890.12345678	123456789012345678901234567891.12345678	123456789012345678901234567889.12345678
PREHOOK: query: SELECT dec, dec * 2, dec / 3  FROM DECIMAL_PRECISION ORDER BY dec
PREHOOK: type: QUERY
PREHOOK: Input: default@decimal_precision
#### A masked pattern was here ####
POSTHOOK: query: SELECT dec, dec * 2, dec / 3  FROM DECIMAL_PRECISION ORDER BY dec
POSTHOOK: type: QUERY
POSTHOOK: Input: default@decimal_precision
#### A masked pattern was here ####
NULL	NULL	NULL
NULL	NULL	NULL
NULL	NULL	NULL
NULL	NULL	NULL
NULL	NULL	NULL
NULL	NULL	NULL
NULL	NULL	NULL
NULL	NULL	NULL
NULL	NULL	NULL
NULL	NULL	NULL
NULL	NULL	NULL
NULL	NULL	NULL
NULL	NULL	NULL
NULL	NULL	NULL
NULL	NULL	NULL
NULL	NULL	NULL
NULL	NULL	NULL
NULL	NULL	NULL
NULL	NULL	NULL
0	0	0
0	0	0
0	0	0
0	0	0
0	0	0
0.123456789012345	0.24691357802469	0.041152263004115
0.12345678901234567890123456789	0.24691357802469135780246913578	0.04115226300411522630041152263
1.234567890123456	2.469135780246912	0.411522630041152
1.234567890123456789012345678901	2.469135780246913578024691357802	0.4115226300411522630041152263
1.234567890123456789012345678901	2.469135780246913578024691357802	0.4115226300411522630041152263
12.34567890123456	24.69135780246912	4.11522630041152
12.345678901234567890123456789012	24.691357802469135780246913578024	4.115226300411522630041152263004
12.345678901234567890123456789012	24.691357802469135780246913578024	4.115226300411522630041152263004
123.4567890123456	246.9135780246912	41.1522630041152
123.456789012345678901234567890123	246.913578024691357802469135780246	41.152263004115226300411522630041
123.456789012345678901234567890123	246.913578024691357802469135780246	41.152263004115226300411522630041
1234.567890123456	2469.135780246912	411.522630041152
1234.567890123456789012345678901235	2469.13578024691357802469135780247	411.522630041152263004115226300412
1234.567890123456789012345678901235	2469.13578024691357802469135780247	411.522630041152263004115226300412
12345.67890123456	24691.35780246912	4115.22630041152
12345.678901234567890123456789012346	24691.357802469135780246913578024692	4115.226300411522630041152263004115
123456.7890123456	246913.5780246912	41152.2630041152
123456.789012345678901234567890123457	246913.578024691357802469135780246914	41152.263004115226300411522630041152
1234567.890123456	2469135.780246912	411522.630041152
1234567.890123456789012345678901234568	2469135.780246913578024691357802469136	411522.630041152263004115226300411523
12345678.90123456	24691357.80246912	4115226.30041152
12345678.901234567890123456789012345678	24691357.802469135780246913578024691356	4115226.300411522630041152263004115226
123456789.0123456	246913578.0246912	41152263.0041152
123456789.01234567890123456789012345678	246913578.02469135780246913578024691356	41152263.00411522630041152263004115226
1234567890.123456	2469135780.246912	411522630.041152
1234567890.1234567890123456789012345678	2469135780.2469135780246913578024691356	411522630.0411522630041152263004115226
12345678901.23456	24691357802.46912	4115226300.41152
12345678901.234567890123456789012345678	24691357802.469135780246913578024691356	4115226300.411522630041152263004115226
123456789012.3456	246913578024.6912	41152263004.1152
123456789012.34567890123456789012345678	246913578024.69135780246913578024691356	41152263004.11522630041152263004115226
1234567890123.456	2469135780246.912	411522630041.152
1234567890123.4567890123456789012345678	2469135780246.9135780246913578024691356	411522630041.1522630041152263004115226
12345678901234.56	24691357802469.12	4115226300411.52
12345678901234.567890123456789012345678	24691357802469.135780246913578024691356	4115226300411.522630041152263004115226
123456789012345.6	246913578024691.2	41152263004115.2
123456789012345.67890123456789012345678	246913578024691.35780246913578024691356	41152263004115.22630041152263004115226
1234567890123456.7890123456789012345678	2469135780246913.5780246913578024691356	411522630041152.2630041152263004115226
12345678901234567.890123456789012345678	24691357802469135.780246913578024691356	4115226300411522.630041152263004115226
123456789012345678.90123456789012345678	246913578024691357.80246913578024691356	41152263004115226.30041152263004115226
1234567890123456789.0123456789012345678	2469135780246913578.0246913578024691356	411522630041152263.0041152263004115226
12345678901234567890.123456789012345678	24691357802469135780.246913578024691356	4115226300411522630.041152263004115226
123456789012345678901.23456789012345678	246913578024691357802.46913578024691356	41152263004115226300.41152263004115226
1234567890123456789012.3456789012345678	2469135780246913578024.6913578024691356	411522630041152263004.1152263004115226
12345678901234567890123.456789012345678	24691357802469135780246.913578024691356	4115226300411522630041.152263004115226
123456789012345678901234.56789012345678	246913578024691357802469.13578024691356	41152263004115226300411.52263004115226
1234567890123456789012345.6789012345678	2469135780246913578024691.3578024691356	411522630041152263004115.2263004115226
12345678901234567890123456.789012345678	24691357802469135780246913.578024691356	4115226300411522630041152.263004115226
123456789012345678901234567.89012345678	246913578024691357802469135.78024691356	41152263004115226300411522.63004115226
1234567890123456789012345678.9012345678	2469135780246913578024691357.8024691356	411522630041152263004115226.3004115226
12345678901234567890123456789.012345678	24691357802469135780246913578.024691356	4115226300411522630041152263.004115226
123456789012345678901234567890.12345678	246913578024691357802469135780.24691356	41152263004115226300411522630.04115226
PREHOOK: query: SELECT dec, dec / 9 FROM DECIMAL_PRECISION ORDER BY dec
PREHOOK: type: QUERY
PREHOOK: Input: default@decimal_precision
#### A masked pattern was here ####
POSTHOOK: query: SELECT dec, dec / 9 FROM DECIMAL_PRECISION ORDER BY dec
POSTHOOK: type: QUERY
POSTHOOK: Input: default@decimal_precision
#### A masked pattern was here ####
NULL	NULL
NULL	NULL
NULL	NULL
NULL	NULL
NULL	NULL
NULL	NULL
NULL	NULL
NULL	NULL
NULL	NULL
NULL	NULL
NULL	NULL
NULL	NULL
NULL	NULL
NULL	NULL
NULL	NULL
NULL	NULL
NULL	NULL
NULL	NULL
NULL	NULL
0	0
0	0
0	0
0	0
0	0
0.123456789012345	0.013717421001371666666666666667
0.12345678901234567890123456789	0.01371742100137174210013717421
1.234567890123456	0.137174210013717333333333333333
1.234567890123456789012345678901	0.1371742100137174210013717421
1.234567890123456789012345678901	0.1371742100137174210013717421
12.34567890123456	1.371742100137173333333333333333
12.345678901234567890123456789012	1.371742100137174210013717421001
12.345678901234567890123456789012	1.371742100137174210013717421001
123.4567890123456	13.717421001371733333333333333333
123.456789012345678901234567890123	13.717421001371742100137174210014
123.456789012345678901234567890123	13.717421001371742100137174210014
1234.567890123456	137.174210013717333333333333333333
1234.567890123456789012345678901235	137.174210013717421001371742100137
1234.567890123456789012345678901235	137.174210013717421001371742100137
12345.67890123456	1371.742100137173333333333333333333
12345.678901234567890123456789012346	1371.742100137174210013717421001372
123456.7890123456	13717.421001371733333333333333333333
123456.789012345678901234567890123457	13717.421001371742100137174210013717
1234567.890123456	137174.210013717333333333333333333333
1234567.890123456789012345678901234568	137174.210013717421001371742100137174
12345678.90123456	1371742.100137173333333333333333333333
12345678.901234567890123456789012345678	1371742.100137174210013717421001371742
123456789.0123456	13717421.001371733333333333333333333333
123456789.01234567890123456789012345678	13717421.00137174210013717421001371742
1234567890.123456	137174210.013717333333333333333333333333
1234567890.1234567890123456789012345678	137174210.0137174210013717421001371742
12345678901.23456	1371742100.137173333333333333333333333333
12345678901.234567890123456789012345678	1371742100.137174210013717421001371742
123456789012.3456	13717421001.371733333333333333333333333333
123456789012.34567890123456789012345678	13717421001.37174210013717421001371742
1234567890123.456	137174210013.717333333333333333333333333333
1234567890123.4567890123456789012345678	137174210013.7174210013717421001371742
12345678901234.56	1371742100137.173333333333333333333333333333
12345678901234.567890123456789012345678	1371742100137.174210013717421001371742
123456789012345.6	13717421001371.733333333333333333333333333333
123456789012345.67890123456789012345678	13717421001371.74210013717421001371742
1234567890123456.7890123456789012345678	137174210013717.4210013717421001371742
12345678901234567.890123456789012345678	1371742100137174.210013717421001371742
123456789012345678.90123456789012345678	13717421001371742.10013717421001371742
1234567890123456789.0123456789012345678	137174210013717421.0013717421001371742
12345678901234567890.123456789012345678	1371742100137174210.013717421001371742
123456789012345678901.23456789012345678	13717421001371742100.13717421001371742
1234567890123456789012.3456789012345678	137174210013717421001.3717421001371742
12345678901234567890123.456789012345678	1371742100137174210013.717421001371742
123456789012345678901234.56789012345678	13717421001371742100137.17421001371742
1234567890123456789012345.6789012345678	137174210013717421001371.7421001371742
12345678901234567890123456.789012345678	1371742100137174210013717.421001371742
123456789012345678901234567.89012345678	13717421001371742100137174.21001371742
1234567890123456789012345678.9012345678	137174210013717421001371742.1001371742
12345678901234567890123456789.012345678	1371742100137174210013717421.001371742
123456789012345678901234567890.12345678	13717421001371742100137174210.01371742
PREHOOK: query: SELECT dec, dec / 27 FROM DECIMAL_PRECISION ORDER BY dec
PREHOOK: type: QUERY
PREHOOK: Input: default@decimal_precision
#### A masked pattern was here ####
POSTHOOK: query: SELECT dec, dec / 27 FROM DECIMAL_PRECISION ORDER BY dec
POSTHOOK: type: QUERY
POSTHOOK: Input: default@decimal_precision
#### A masked pattern was here ####
NULL	NULL
NULL	NULL
NULL	NULL
NULL	NULL
NULL	NULL
NULL	NULL
NULL	NULL
NULL	NULL
NULL	NULL
NULL	NULL
NULL	NULL
NULL	NULL
NULL	NULL
NULL	NULL
NULL	NULL
NULL	NULL
NULL	NULL
NULL	NULL
NULL	NULL
0	0
0	0
0	0
0	0
0	0
0.123456789012345	0.004572473667123888888888888889
0.12345678901234567890123456789	0.00457247366712391403337905807
1.234567890123456	0.045724736671239111111111111111
1.234567890123456789012345678901	0.0457247366712391403337905807
1.234567890123456789012345678901	0.0457247366712391403337905807
12.34567890123456	0.457247366712391111111111111111
12.345678901234567890123456789012	0.457247366712391403337905807
12.345678901234567890123456789012	0.457247366712391403337905807
123.4567890123456	4.572473667123911111111111111111
123.456789012345678901234567890123	4.572473667123914033379058070005
123.456789012345678901234567890123	4.572473667123914033379058070005
1234.567890123456	45.724736671239111111111111111111
1234.567890123456789012345678901235	45.724736671239140333790580700046
1234.567890123456789012345678901235	45.724736671239140333790580700046
12345.67890123456	457.247366712391111111111111111111
12345.678901234567890123456789012346	457.247366712391403337905807000457
123456.7890123456	4572.473667123911111111111111111111
123456.789012345678901234567890123457	4572.473667123914033379058070004572
1234567.890123456	45724.736671239111111111111111111111
1234567.890123456789012345678901234568	45724.736671239140333790580700045725
12345678.90123456	457247.366712391111111111111111111111
12345678.901234567890123456789012345678	457247.366712391403337905807000457247
123456789.0123456	4572473.667123911111111111111111111111
123456789.01234567890123456789012345678	4572473.667123914033379058070004572473
1234567890.123456	45724736.671239111111111111111111111111
1234567890.1234567890123456789012345678	45724736.671239140333790580700045724733
12345678901.23456	457247366.712391111111111111111111111111
12345678901.234567890123456789012345678	457247366.712391403337905807000457247333
123456789012.3456	4572473667.123911111111111111111111111111
123456789012.34567890123456789012345678	4572473667.123914033379058070004572473333
1234567890123.456	45724736671.239111111111111111111111111111
1234567890123.4567890123456789012345678	45724736671.239140333790580700045724733333
12345678901234.56	457247366712.391111111111111111111111111111
12345678901234.567890123456789012345678	457247366712.391403337905807000457247333333
123456789012345.6	4572473667123.911111111111111111111111111111
123456789012345.67890123456789012345678	4572473667123.914033379058070004572473333333
1234567890123456.7890123456789012345678	45724736671239.140333790580700045724733333333
12345678901234567.890123456789012345678	457247366712391.403337905807000457247333333333
123456789012345678.90123456789012345678	4572473667123914.033379058070004572473333333333
1234567890123456789.0123456789012345678	45724736671239140.333790580700045724733333333333
12345678901234567890.123456789012345678	457247366712391403.337905807000457247333333333333
123456789012345678901.23456789012345678	4572473667123914033.379058070004572473333333333333
1234567890123456789012.3456789012345678	45724736671239140333.790580700045724733333333333333
12345678901234567890123.456789012345678	457247366712391403337.905807000457247333333333333333
123456789012345678901234.56789012345678	4572473667123914033379.058070004572473333333333333333
1234567890123456789012345.6789012345678	45724736671239140333790.580700045724733333333333333333
12345678901234567890123456.789012345678	457247366712391403337905.807000457247333333333333333333
123456789012345678901234567.89012345678	4572473667123914033379058.070004572473333333333333333333
1234567890123456789012345678.9012345678	45724736671239140333790580.700045724733333333333333333333
12345678901234567890123456789.012345678	457247366712391403337905807.000457247333333333333333333333
123456789012345678901234567890.12345678	4572473667123914033379058070.004572473333333333333333333333
PREHOOK: query: SELECT dec, dec * dec FROM DECIMAL_PRECISION ORDER BY dec
PREHOOK: type: QUERY
PREHOOK: Input: default@decimal_precision
#### A masked pattern was here ####
POSTHOOK: query: SELECT dec, dec * dec FROM DECIMAL_PRECISION ORDER BY dec
POSTHOOK: type: QUERY
POSTHOOK: Input: default@decimal_precision
#### A masked pattern was here ####
NULL	NULL
NULL	NULL
NULL	NULL
NULL	NULL
NULL	NULL
NULL	NULL
NULL	NULL
NULL	NULL
NULL	NULL
NULL	NULL
NULL	NULL
NULL	NULL
NULL	NULL
NULL	NULL
NULL	NULL
NULL	NULL
NULL	NULL
NULL	NULL
NULL	NULL
0	0
0	0
0	0
0	0
0	0
0.123456789012345	0.015241578753238669120562399025
0.12345678901234567890123456789	NULL
1.234567890123456	1.524157875323881726870921383936
1.234567890123456789012345678901	NULL
1.234567890123456789012345678901	NULL
12.34567890123456	152.4157875323881726870921383936
12.345678901234567890123456789012	NULL
12.345678901234567890123456789012	NULL
123.4567890123456	15241.57875323881726870921383936
123.456789012345678901234567890123	NULL
123.456789012345678901234567890123	NULL
1234.567890123456	1524157.875323881726870921383936
1234.567890123456789012345678901235	NULL
1234.567890123456789012345678901235	NULL
12345.67890123456	152415787.5323881726870921383936
12345.678901234567890123456789012346	NULL
123456.7890123456	15241578753.23881726870921383936
123456.789012345678901234567890123457	NULL
1234567.890123456	1524157875323.881726870921383936
1234567.890123456789012345678901234568	NULL
12345678.90123456	152415787532388.1726870921383936
12345678.901234567890123456789012345678	NULL
123456789.0123456	15241578753238817.26870921383936
123456789.01234567890123456789012345678	NULL
1234567890.123456	1524157875323881726.870921383936
1234567890.1234567890123456789012345678	NULL
12345678901.23456	152415787532388172687.0921383936
12345678901.234567890123456789012345678	NULL
123456789012.3456	15241578753238817268709.21383936
123456789012.34567890123456789012345678	NULL
1234567890123.456	1524157875323881726870921.383936
1234567890123.4567890123456789012345678	NULL
12345678901234.56	152415787532388172687092138.3936
12345678901234.567890123456789012345678	NULL
123456789012345.6	15241578753238817268709213839.36
123456789012345.67890123456789012345678	NULL
1234567890123456.7890123456789012345678	NULL
12345678901234567.890123456789012345678	NULL
123456789012345678.90123456789012345678	NULL
1234567890123456789.0123456789012345678	NULL
12345678901234567890.123456789012345678	NULL
123456789012345678901.23456789012345678	NULL
1234567890123456789012.3456789012345678	NULL
12345678901234567890123.456789012345678	NULL
123456789012345678901234.56789012345678	NULL
1234567890123456789012345.6789012345678	NULL
12345678901234567890123456.789012345678	NULL
123456789012345678901234567.89012345678	NULL
1234567890123456789012345678.9012345678	NULL
12345678901234567890123456789.012345678	NULL
123456789012345678901234567890.12345678	NULL
PREHOOK: query: SELECT avg(dec), sum(dec) FROM DECIMAL_PRECISION
PREHOOK: type: QUERY
PREHOOK: Input: default@decimal_precision
#### A masked pattern was here ####
POSTHOOK: query: SELECT avg(dec), sum(dec) FROM DECIMAL_PRECISION
POSTHOOK: type: QUERY
POSTHOOK: Input: default@decimal_precision
#### A masked pattern was here ####
2449539464530670681706817092.661571403901626461618141287233	137174210013717558175581757189.047998618491081850615912085061
PREHOOK: query: SELECT dec * cast('123456789012345678901234567890.123456789' as decimal(39,9)) FROM DECIMAL_PRECISION LIMIT 1
PREHOOK: type: QUERY
PREHOOK: Input: default@decimal_precision
#### A masked pattern was here ####
POSTHOOK: query: SELECT dec * cast('123456789012345678901234567890.123456789' as decimal(39,9)) FROM DECIMAL_PRECISION LIMIT 1
POSTHOOK: type: QUERY
POSTHOOK: Input: default@decimal_precision
#### A masked pattern was here ####
NULL
PREHOOK: query: SELECT * from DECIMAL_PRECISION WHERE dec > cast('123456789012345678901234567890.123456789' as decimal(39,9)) LIMIT 1
PREHOOK: type: QUERY
PREHOOK: Input: default@decimal_precision
#### A masked pattern was here ####
POSTHOOK: query: SELECT * from DECIMAL_PRECISION WHERE dec > cast('123456789012345678901234567890.123456789' as decimal(39,9)) LIMIT 1
POSTHOOK: type: QUERY
POSTHOOK: Input: default@decimal_precision
#### A masked pattern was here ####
PREHOOK: query: SELECT dec * 123456789012345678901234567890.123456789 FROM DECIMAL_PRECISION LIMIT 1
PREHOOK: type: QUERY
PREHOOK: Input: default@decimal_precision
#### A masked pattern was here ####
POSTHOOK: query: SELECT dec * 123456789012345678901234567890.123456789 FROM DECIMAL_PRECISION LIMIT 1
POSTHOOK: type: QUERY
POSTHOOK: Input: default@decimal_precision
#### A masked pattern was here ####
NULL
PREHOOK: query: SELECT MIN(cast('123456789012345678901234567890.123456789' as decimal(39,9))) FROM DECIMAL_PRECISION
PREHOOK: type: QUERY
PREHOOK: Input: default@decimal_precision
#### A masked pattern was here ####
POSTHOOK: query: SELECT MIN(cast('123456789012345678901234567890.123456789' as decimal(39,9))) FROM DECIMAL_PRECISION
POSTHOOK: type: QUERY
POSTHOOK: Input: default@decimal_precision
#### A masked pattern was here ####
123456789012345678901234567890.123456789
PREHOOK: query: SELECT COUNT(cast('123456789012345678901234567890.123456789' as decimal(39,9))) FROM DECIMAL_PRECISION
PREHOOK: type: QUERY
PREHOOK: Input: default@decimal_precision
#### A masked pattern was here ####
POSTHOOK: query: SELECT COUNT(cast('123456789012345678901234567890.123456789' as decimal(39,9))) FROM DECIMAL_PRECISION
POSTHOOK: type: QUERY
POSTHOOK: Input: default@decimal_precision
#### A masked pattern was here ####
75
PREHOOK: query: DROP TABLE DECIMAL_PRECISION
PREHOOK: type: DROPTABLE
PREHOOK: Input: default@decimal_precision
PREHOOK: Output: default@decimal_precision
POSTHOOK: query: DROP TABLE DECIMAL_PRECISION
POSTHOOK: type: DROPTABLE
POSTHOOK: Input: default@decimal_precision
POSTHOOK: Output: default@decimal_precision
