PREHOOK: query: explain select key, count(*) from src b group by b.key
PREHOOK: type: QUERY
POSTHOOK: query: explain select key, count(*) from src b group by b.key
POSTHOOK: type: QUERY
ABSTRACT SYNTAX TREE:
  (TOK_QUERY (TOK_FROM (TOK_TABREF (TOK_TABNAME src) b)) (TOK_INSERT (TOK_DESTINATION (TOK_DIR TOK_TMP_FILE)) (TOK_SELECT (TOK_SELEXPR (TOK_TABLE_OR_COL key)) (TOK_SELEXPR (TOK_FUNCTIONSTAR count))) (TOK_GROUPBY (. (TOK_TABLE_OR_COL b) key))))

STAGE DEPENDENCIES:
  Stage-1 is a root stage
  Stage-0 is a root stage

STAGE PLANS:
  Stage: Stage-1
    Map Reduce
      Alias -> Map Operator Tree:
        b 
          TableScan
            alias: b
            Select Operator
              expressions:
                    expr: key
                    type: string
              outputColumnNames: key
              Reduce Output Operator
                key expressions:
                      expr: key
                      type: string
                sort order: +
                Map-reduce partition columns:
                      expr: key
                      type: string
                tag: -1
      Reduce Operator Tree:
        Group By Operator
          aggregations:
                expr: count()
          bucketGroup: false
          keys:
                expr: KEY._col0
                type: string
          mode: complete
          outputColumnNames: _col0, _col1
          Select Operator
            expressions:
                  expr: _col0
                  type: string
                  expr: _col1
                  type: bigint
            outputColumnNames: _col0, _col1
            File Output Operator
              compressed: false
              GlobalTableId: 0
              table:
                  input format: org.apache.hadoop.mapred.TextInputFormat
                  output format: org.apache.hadoop.hive.ql.io.HiveIgnoreKeyTextOutputFormat
                  serde: org.apache.hadoop.hive.serde2.lazy.LazySimpleSerDe

  Stage: Stage-0
    Fetch Operator
      limit: -1

PREHOOK: query: explain select b.key, count(*) from src b group by key
PREHOOK: type: QUERY
POSTHOOK: query: explain select b.key, count(*) from src b group by key
POSTHOOK: type: QUERY
ABSTRACT SYNTAX TREE:
  (TOK_QUERY (TOK_FROM (TOK_TABREF (TOK_TABNAME src) b)) (TOK_INSERT (TOK_DESTINATION (TOK_DIR TOK_TMP_FILE)) (TOK_SELECT (TOK_SELEXPR (. (TOK_TABLE_OR_COL b) key)) (TOK_SELEXPR (TOK_FUNCTIONSTAR count))) (TOK_GROUPBY (TOK_TABLE_OR_COL key))))

STAGE DEPENDENCIES:
  Stage-1 is a root stage
  Stage-0 is a root stage

STAGE PLANS:
  Stage: Stage-1
    Map Reduce
      Alias -> Map Operator Tree:
        b 
          TableScan
            alias: b
            Select Operator
              expressions:
                    expr: key
                    type: string
              outputColumnNames: key
              Reduce Output Operator
                key expressions:
                      expr: key
                      type: string
                sort order: +
                Map-reduce partition columns:
                      expr: key
                      type: string
                tag: -1
      Reduce Operator Tree:
        Group By Operator
          aggregations:
                expr: count()
          bucketGroup: false
          keys:
                expr: KEY._col0
                type: string
          mode: complete
          outputColumnNames: _col0, _col1
          Select Operator
            expressions:
                  expr: _col0
                  type: string
                  expr: _col1
                  type: bigint
            outputColumnNames: _col0, _col1
            File Output Operator
              compressed: false
              GlobalTableId: 0
              table:
                  input format: org.apache.hadoop.mapred.TextInputFormat
                  output format: org.apache.hadoop.hive.ql.io.HiveIgnoreKeyTextOutputFormat
                  serde: org.apache.hadoop.hive.serde2.lazy.LazySimpleSerDe

  Stage: Stage-0
    Fetch Operator
      limit: -1

PREHOOK: query: explain select key, count(*) from src b group by b.key
PREHOOK: type: QUERY
POSTHOOK: query: explain select key, count(*) from src b group by b.key
POSTHOOK: type: QUERY
ABSTRACT SYNTAX TREE:
  (TOK_QUERY (TOK_FROM (TOK_TABREF (TOK_TABNAME src) b)) (TOK_INSERT (TOK_DESTINATION (TOK_DIR TOK_TMP_FILE)) (TOK_SELECT (TOK_SELEXPR (TOK_TABLE_OR_COL key)) (TOK_SELEXPR (TOK_FUNCTIONSTAR count))) (TOK_GROUPBY (. (TOK_TABLE_OR_COL b) key))))

STAGE DEPENDENCIES:
  Stage-1 is a root stage
  Stage-2 depends on stages: Stage-1
  Stage-0 is a root stage

STAGE PLANS:
  Stage: Stage-1
    Map Reduce
      Alias -> Map Operator Tree:
        b 
          TableScan
            alias: b
            Select Operator
              expressions:
                    expr: key
                    type: string
              outputColumnNames: key
              Reduce Output Operator
                key expressions:
                      expr: key
                      type: string
                sort order: +
                Map-reduce partition columns:
                      expr: rand()
                      type: double
                tag: -1
      Reduce Operator Tree:
        Group By Operator
          aggregations:
                expr: count()
          bucketGroup: false
          keys:
                expr: KEY._col0
                type: string
          mode: partial1
          outputColumnNames: _col0, _col1
          File Output Operator
            compressed: false
            GlobalTableId: 0
            table:
                input format: org.apache.hadoop.mapred.SequenceFileInputFormat
                output format: org.apache.hadoop.hive.ql.io.HiveSequenceFileOutputFormat
                serde: org.apache.hadoop.hive.serde2.lazybinary.LazyBinarySerDe

  Stage: Stage-2
    Map Reduce
      Alias -> Map Operator Tree:
#### A masked pattern was here ####
          TableScan
            Reduce Output Operator
              key expressions:
                    expr: _col0
                    type: string
              sort order: +
              Map-reduce partition columns:
                    expr: _col0
                    type: string
              tag: -1
              value expressions:
                    expr: _col1
                    type: bigint
      Reduce Operator Tree:
        Group By Operator
          aggregations:
                expr: count(VALUE._col0)
          bucketGroup: false
          keys:
                expr: KEY._col0
                type: string
          mode: final
          outputColumnNames: _col0, _col1
          Select Operator
            expressions:
                  expr: _col0
                  type: string
                  expr: _col1
                  type: bigint
            outputColumnNames: _col0, _col1
            File Output Operator
              compressed: false
              GlobalTableId: 0
              table:
                  input format: org.apache.hadoop.mapred.TextInputFormat
                  output format: org.apache.hadoop.hive.ql.io.HiveIgnoreKeyTextOutputFormat
                  serde: org.apache.hadoop.hive.serde2.lazy.LazySimpleSerDe

  Stage: Stage-0
    Fetch Operator
      limit: -1

PREHOOK: query: explain select b.key, count(*) from src b group by key
PREHOOK: type: QUERY
POSTHOOK: query: explain select b.key, count(*) from src b group by key
POSTHOOK: type: QUERY
ABSTRACT SYNTAX TREE:
  (TOK_QUERY (TOK_FROM (TOK_TABREF (TOK_TABNAME src) b)) (TOK_INSERT (TOK_DESTINATION (TOK_DIR TOK_TMP_FILE)) (TOK_SELECT (TOK_SELEXPR (. (TOK_TABLE_OR_COL b) key)) (TOK_SELEXPR (TOK_FUNCTIONSTAR count))) (TOK_GROUPBY (TOK_TABLE_OR_COL key))))

STAGE DEPENDENCIES:
  Stage-1 is a root stage
  Stage-2 depends on stages: Stage-1
  Stage-0 is a root stage

STAGE PLANS:
  Stage: Stage-1
    Map Reduce
      Alias -> Map Operator Tree:
        b 
          TableScan
            alias: b
            Select Operator
              expressions:
                    expr: key
                    type: string
              outputColumnNames: key
              Reduce Output Operator
                key expressions:
                      expr: key
                      type: string
                sort order: +
                Map-reduce partition columns:
                      expr: rand()
                      type: double
                tag: -1
      Reduce Operator Tree:
        Group By Operator
          aggregations:
                expr: count()
          bucketGroup: false
          keys:
                expr: KEY._col0
                type: string
          mode: partial1
          outputColumnNames: _col0, _col1
          File Output Operator
            compressed: false
            GlobalTableId: 0
            table:
                input format: org.apache.hadoop.mapred.SequenceFileInputFormat
                output format: org.apache.hadoop.hive.ql.io.HiveSequenceFileOutputFormat
                serde: org.apache.hadoop.hive.serde2.lazybinary.LazyBinarySerDe

  Stage: Stage-2
    Map Reduce
      Alias -> Map Operator Tree:
#### A masked pattern was here ####
          TableScan
            Reduce Output Operator
              key expressions:
                    expr: _col0
                    type: string
              sort order: +
              Map-reduce partition columns:
                    expr: _col0
                    type: string
              tag: -1
              value expressions:
                    expr: _col1
                    type: bigint
      Reduce Operator Tree:
        Group By Operator
          aggregations:
                expr: count(VALUE._col0)
          bucketGroup: false
          keys:
                expr: KEY._col0
                type: string
          mode: final
          outputColumnNames: _col0, _col1
          Select Operator
            expressions:
                  expr: _col0
                  type: string
                  expr: _col1
                  type: bigint
            outputColumnNames: _col0, _col1
            File Output Operator
              compressed: false
              GlobalTableId: 0
              table:
                  input format: org.apache.hadoop.mapred.TextInputFormat
                  output format: org.apache.hadoop.hive.ql.io.HiveIgnoreKeyTextOutputFormat
                  serde: org.apache.hadoop.hive.serde2.lazy.LazySimpleSerDe

  Stage: Stage-0
    Fetch Operator
      limit: -1

PREHOOK: query: explain select key, count(*) from src b group by b.key
PREHOOK: type: QUERY
POSTHOOK: query: explain select key, count(*) from src b group by b.key
POSTHOOK: type: QUERY
ABSTRACT SYNTAX TREE:
  (TOK_QUERY (TOK_FROM (TOK_TABREF (TOK_TABNAME src) b)) (TOK_INSERT (TOK_DESTINATION (TOK_DIR TOK_TMP_FILE)) (TOK_SELECT (TOK_SELEXPR (TOK_TABLE_OR_COL key)) (TOK_SELEXPR (TOK_FUNCTIONSTAR count))) (TOK_GROUPBY (. (TOK_TABLE_OR_COL b) key))))

STAGE DEPENDENCIES:
  Stage-1 is a root stage
  Stage-0 is a root stage

STAGE PLANS:
  Stage: Stage-1
    Map Reduce
      Alias -> Map Operator Tree:
        b 
          TableScan
            alias: b
            Select Operator
              expressions:
                    expr: key
                    type: string
              outputColumnNames: key
              Group By Operator
                aggregations:
                      expr: count()
                bucketGroup: false
                keys:
                      expr: key
                      type: string
                mode: hash
                outputColumnNames: _col0, _col1
                Reduce Output Operator
                  key expressions:
                        expr: _col0
                        type: string
                  sort order: +
                  Map-reduce partition columns:
                        expr: _col0
                        type: string
                  tag: -1
                  value expressions:
                        expr: _col1
                        type: bigint
      Reduce Operator Tree:
        Group By Operator
          aggregations:
                expr: count(VALUE._col0)
          bucketGroup: false
          keys:
                expr: KEY._col0
                type: string
          mode: mergepartial
          outputColumnNames: _col0, _col1
          Select Operator
            expressions:
                  expr: _col0
                  type: string
                  expr: _col1
                  type: bigint
            outputColumnNames: _col0, _col1
            File Output Operator
              compressed: false
              GlobalTableId: 0
              table:
                  input format: org.apache.hadoop.mapred.TextInputFormat
                  output format: org.apache.hadoop.hive.ql.io.HiveIgnoreKeyTextOutputFormat
                  serde: org.apache.hadoop.hive.serde2.lazy.LazySimpleSerDe

  Stage: Stage-0
    Fetch Operator
      limit: -1

PREHOOK: query: explain select b.key, count(*) from src b group by key
PREHOOK: type: QUERY
POSTHOOK: query: explain select b.key, count(*) from src b group by key
POSTHOOK: type: QUERY
ABSTRACT SYNTAX TREE:
  (TOK_QUERY (TOK_FROM (TOK_TABREF (TOK_TABNAME src) b)) (TOK_INSERT (TOK_DESTINATION (TOK_DIR TOK_TMP_FILE)) (TOK_SELECT (TOK_SELEXPR (. (TOK_TABLE_OR_COL b) key)) (TOK_SELEXPR (TOK_FUNCTIONSTAR count))) (TOK_GROUPBY (TOK_TABLE_OR_COL key))))

STAGE DEPENDENCIES:
  Stage-1 is a root stage
  Stage-0 is a root stage

STAGE PLANS:
  Stage: Stage-1
    Map Reduce
      Alias -> Map Operator Tree:
        b 
          TableScan
            alias: b
            Select Operator
              expressions:
                    expr: key
                    type: string
              outputColumnNames: key
              Group By Operator
                aggregations:
                      expr: count()
                bucketGroup: false
                keys:
                      expr: key
                      type: string
                mode: hash
                outputColumnNames: _col0, _col1
                Reduce Output Operator
                  key expressions:
                        expr: _col0
                        type: string
                  sort order: +
                  Map-reduce partition columns:
                        expr: _col0
                        type: string
                  tag: -1
                  value expressions:
                        expr: _col1
                        type: bigint
      Reduce Operator Tree:
        Group By Operator
          aggregations:
                expr: count(VALUE._col0)
          bucketGroup: false
          keys:
                expr: KEY._col0
                type: string
          mode: mergepartial
          outputColumnNames: _col0, _col1
          Select Operator
            expressions:
                  expr: _col0
                  type: string
                  expr: _col1
                  type: bigint
            outputColumnNames: _col0, _col1
            File Output Operator
              compressed: false
              GlobalTableId: 0
              table:
                  input format: org.apache.hadoop.mapred.TextInputFormat
                  output format: org.apache.hadoop.hive.ql.io.HiveIgnoreKeyTextOutputFormat
                  serde: org.apache.hadoop.hive.serde2.lazy.LazySimpleSerDe

  Stage: Stage-0
    Fetch Operator
      limit: -1

PREHOOK: query: explain select key, count(*) from src b group by b.key
PREHOOK: type: QUERY
POSTHOOK: query: explain select key, count(*) from src b group by b.key
POSTHOOK: type: QUERY
ABSTRACT SYNTAX TREE:
  (TOK_QUERY (TOK_FROM (TOK_TABREF (TOK_TABNAME src) b)) (TOK_INSERT (TOK_DESTINATION (TOK_DIR TOK_TMP_FILE)) (TOK_SELECT (TOK_SELEXPR (TOK_TABLE_OR_COL key)) (TOK_SELEXPR (TOK_FUNCTIONSTAR count))) (TOK_GROUPBY (. (TOK_TABLE_OR_COL b) key))))

STAGE DEPENDENCIES:
  Stage-1 is a root stage
  Stage-2 depends on stages: Stage-1
  Stage-0 is a root stage

STAGE PLANS:
  Stage: Stage-1
    Map Reduce
      Alias -> Map Operator Tree:
        b 
          TableScan
            alias: b
            Select Operator
              expressions:
                    expr: key
                    type: string
              outputColumnNames: key
              Group By Operator
                aggregations:
                      expr: count()
                bucketGroup: false
                keys:
                      expr: key
                      type: string
                mode: hash
                outputColumnNames: _col0, _col1
                Reduce Output Operator
                  key expressions:
                        expr: _col0
                        type: string
                  sort order: +
                  Map-reduce partition columns:
                        expr: rand()
                        type: double
                  tag: -1
                  value expressions:
                        expr: _col1
                        type: bigint
      Reduce Operator Tree:
        Group By Operator
          aggregations:
                expr: count(VALUE._col0)
          bucketGroup: false
          keys:
                expr: KEY._col0
                type: string
          mode: partials
          outputColumnNames: _col0, _col1
          File Output Operator
            compressed: false
            GlobalTableId: 0
            table:
                input format: org.apache.hadoop.mapred.SequenceFileInputFormat
                output format: org.apache.hadoop.hive.ql.io.HiveSequenceFileOutputFormat
                serde: org.apache.hadoop.hive.serde2.lazybinary.LazyBinarySerDe

  Stage: Stage-2
    Map Reduce
      Alias -> Map Operator Tree:
#### A masked pattern was here ####
          TableScan
            Reduce Output Operator
              key expressions:
                    expr: _col0
                    type: string
              sort order: +
              Map-reduce partition columns:
                    expr: _col0
                    type: string
              tag: -1
              value expressions:
                    expr: _col1
                    type: bigint
      Reduce Operator Tree:
        Group By Operator
          aggregations:
                expr: count(VALUE._col0)
          bucketGroup: false
          keys:
                expr: KEY._col0
                type: string
          mode: final
          outputColumnNames: _col0, _col1
          Select Operator
            expressions:
                  expr: _col0
                  type: string
                  expr: _col1
                  type: bigint
            outputColumnNames: _col0, _col1
            File Output Operator
              compressed: false
              GlobalTableId: 0
              table:
                  input format: org.apache.hadoop.mapred.TextInputFormat
                  output format: org.apache.hadoop.hive.ql.io.HiveIgnoreKeyTextOutputFormat
                  serde: org.apache.hadoop.hive.serde2.lazy.LazySimpleSerDe

  Stage: Stage-0
    Fetch Operator
      limit: -1

PREHOOK: query: explain select b.key, count(*) from src b group by key
PREHOOK: type: QUERY
POSTHOOK: query: explain select b.key, count(*) from src b group by key
POSTHOOK: type: QUERY
ABSTRACT SYNTAX TREE:
  (TOK_QUERY (TOK_FROM (TOK_TABREF (TOK_TABNAME src) b)) (TOK_INSERT (TOK_DESTINATION (TOK_DIR TOK_TMP_FILE)) (TOK_SELECT (TOK_SELEXPR (. (TOK_TABLE_OR_COL b) key)) (TOK_SELEXPR (TOK_FUNCTIONSTAR count))) (TOK_GROUPBY (TOK_TABLE_OR_COL key))))

STAGE DEPENDENCIES:
  Stage-1 is a root stage
  Stage-2 depends on stages: Stage-1
  Stage-0 is a root stage

STAGE PLANS:
  Stage: Stage-1
    Map Reduce
      Alias -> Map Operator Tree:
        b 
          TableScan
            alias: b
            Select Operator
              expressions:
                    expr: key
                    type: string
              outputColumnNames: key
              Group By Operator
                aggregations:
                      expr: count()
                bucketGroup: false
                keys:
                      expr: key
                      type: string
                mode: hash
                outputColumnNames: _col0, _col1
                Reduce Output Operator
                  key expressions:
                        expr: _col0
                        type: string
                  sort order: +
                  Map-reduce partition columns:
                        expr: rand()
                        type: double
                  tag: -1
                  value expressions:
                        expr: _col1
                        type: bigint
      Reduce Operator Tree:
        Group By Operator
          aggregations:
                expr: count(VALUE._col0)
          bucketGroup: false
          keys:
                expr: KEY._col0
                type: string
          mode: partials
          outputColumnNames: _col0, _col1
          File Output Operator
            compressed: false
            GlobalTableId: 0
            table:
                input format: org.apache.hadoop.mapred.SequenceFileInputFormat
                output format: org.apache.hadoop.hive.ql.io.HiveSequenceFileOutputFormat
                serde: org.apache.hadoop.hive.serde2.lazybinary.LazyBinarySerDe

  Stage: Stage-2
    Map Reduce
      Alias -> Map Operator Tree:
#### A masked pattern was here ####
          TableScan
            Reduce Output Operator
              key expressions:
                    expr: _col0
                    type: string
              sort order: +
              Map-reduce partition columns:
                    expr: _col0
                    type: string
              tag: -1
              value expressions:
                    expr: _col1
                    type: bigint
      Reduce Operator Tree:
        Group By Operator
          aggregations:
                expr: count(VALUE._col0)
          bucketGroup: false
          keys:
                expr: KEY._col0
                type: string
          mode: final
          outputColumnNames: _col0, _col1
          Select Operator
            expressions:
                  expr: _col0
                  type: string
                  expr: _col1
                  type: bigint
            outputColumnNames: _col0, _col1
            File Output Operator
              compressed: false
              GlobalTableId: 0
              table:
                  input format: org.apache.hadoop.mapred.TextInputFormat
                  output format: org.apache.hadoop.hive.ql.io.HiveIgnoreKeyTextOutputFormat
                  serde: org.apache.hadoop.hive.serde2.lazy.LazySimpleSerDe

  Stage: Stage-0
    Fetch Operator
      limit: -1

PREHOOK: query: -- windowing after group by
select key, count(*), rank() over(order by count(*))
from src b
where key < '12'
group by b.key
PREHOOK: type: QUERY
PREHOOK: Input: default@src
#### A masked pattern was here ####
POSTHOOK: query: -- windowing after group by
select key, count(*), rank() over(order by count(*))
from src b
where key < '12'
group by b.key
POSTHOOK: type: QUERY
POSTHOOK: Input: default@src
#### A masked pattern was here ####
10	1	1
105	1	1
11	1	1
111	1	1
114	1	1
116	1	1
118	2	7
100	2	7
103	2	7
104	2	7
113	2	7
0	3	12
119	3	12
PREHOOK: query: -- having after group by
select key, count(*)
from src b
group by b.key
having key < '12'
PREHOOK: type: QUERY
PREHOOK: Input: default@src
#### A masked pattern was here ####
POSTHOOK: query: -- having after group by
select key, count(*)
from src b
group by b.key
having key < '12'
POSTHOOK: type: QUERY
POSTHOOK: Input: default@src
#### A masked pattern was here ####
0	3
10	1
100	2
103	2
104	2
105	1
11	1
111	1
113	2
114	1
116	1
118	2
119	3
PREHOOK: query: -- having and windowing
select key, count(*), rank() over(order by count(*))
from src b
group by b.key
having key < '12'
PREHOOK: type: QUERY
PREHOOK: Input: default@src
#### A masked pattern was here ####
POSTHOOK: query: -- having and windowing
select key, count(*), rank() over(order by count(*))
from src b
group by b.key
having key < '12'
POSTHOOK: type: QUERY
POSTHOOK: Input: default@src
#### A masked pattern was here ####
10	1	1
105	1	1
11	1	1
111	1	1
114	1	1
116	1	1
118	2	7
100	2	7
103	2	7
104	2	7
113	2	7
0	3	12
119	3	12
PREHOOK: query: explain
select key, count(*), rank() over(order by count(*))
from src b
group by b.key
having key < '12'
PREHOOK: type: QUERY
POSTHOOK: query: explain
select key, count(*), rank() over(order by count(*))
from src b
group by b.key
having key < '12'
POSTHOOK: type: QUERY
ABSTRACT SYNTAX TREE:
  (TOK_QUERY (TOK_FROM (TOK_TABREF (TOK_TABNAME src) b)) (TOK_INSERT (TOK_DESTINATION (TOK_DIR TOK_TMP_FILE)) (TOK_SELECT (TOK_SELEXPR (TOK_TABLE_OR_COL key)) (TOK_SELEXPR (TOK_FUNCTIONSTAR count)) (TOK_SELEXPR (TOK_FUNCTION rank (TOK_WINDOWSPEC (TOK_PARTITIONINGSPEC (TOK_ORDERBY (TOK_TABSORTCOLNAMEASC (TOK_FUNCTIONSTAR count)))))))) (TOK_GROUPBY (. (TOK_TABLE_OR_COL b) key)) (TOK_HAVING (< (TOK_TABLE_OR_COL key) '12'))))

STAGE DEPENDENCIES:
  Stage-1 is a root stage
  Stage-2 depends on stages: Stage-1
  Stage-3 depends on stages: Stage-2
  Stage-0 is a root stage

STAGE PLANS:
  Stage: Stage-1
    Map Reduce
      Alias -> Map Operator Tree:
        b 
          TableScan
            alias: b
            Filter Operator
              predicate:
                  expr: (key < '12')
                  type: boolean
              Select Operator
                expressions:
                      expr: key
                      type: string
                outputColumnNames: key
                Group By Operator
                  aggregations:
                        expr: count()
                  bucketGroup: false
                  keys:
                        expr: key
                        type: string
                  mode: hash
                  outputColumnNames: _col0, _col1
                  Reduce Output Operator
                    key expressions:
                          expr: _col0
                          type: string
                    sort order: +
                    Map-reduce partition columns:
                          expr: rand()
                          type: double
                    tag: -1
                    value expressions:
                          expr: _col1
                          type: bigint
      Reduce Operator Tree:
        Group By Operator
          aggregations:
                expr: count(VALUE._col0)
          bucketGroup: false
          keys:
                expr: KEY._col0
                type: string
          mode: partials
          outputColumnNames: _col0, _col1
          File Output Operator
            compressed: false
            GlobalTableId: 0
            table:
                input format: org.apache.hadoop.mapred.SequenceFileInputFormat
                output format: org.apache.hadoop.hive.ql.io.HiveSequenceFileOutputFormat
                serde: org.apache.hadoop.hive.serde2.lazybinary.LazyBinarySerDe

  Stage: Stage-2
    Map Reduce
      Alias -> Map Operator Tree:
#### A masked pattern was here ####
          TableScan
            Reduce Output Operator
              key expressions:
                    expr: _col0
                    type: string
              sort order: +
              Map-reduce partition columns:
                    expr: _col0
                    type: string
              tag: -1
              value expressions:
                    expr: _col1
                    type: bigint
      Reduce Operator Tree:
        Group By Operator
          aggregations:
                expr: count(VALUE._col0)
          bucketGroup: false
          keys:
                expr: KEY._col0
                type: string
          mode: final
          outputColumnNames: _col0, _col1
          File Output Operator
            compressed: false
            GlobalTableId: 0
            table:
                input format: org.apache.hadoop.mapred.SequenceFileInputFormat
                output format: org.apache.hadoop.hive.ql.io.HiveSequenceFileOutputFormat
                serde: org.apache.hadoop.hive.serde2.lazybinary.LazyBinarySerDe

  Stage: Stage-3
    Map Reduce
      Alias -> Map Operator Tree:
#### A masked pattern was here ####
          TableScan
            Reduce Output Operator
              key expressions:
                    expr: 0
                    type: int
                    expr: _col1
                    type: bigint
              sort order: ++
              Map-reduce partition columns:
                    expr: 0
                    type: int
              tag: -1
              value expressions:
                    expr: _col0
                    type: string
                    expr: _col1
                    type: bigint
      Reduce Operator Tree:
        Extract
          PTF Operator
            Select Operator
              expressions:
                    expr: _col0
                    type: string
                    expr: _col1
                    type: bigint
                    expr: _wcol0
                    type: int
              outputColumnNames: _col0, _col1, _col2
              File Output Operator
                compressed: false
                GlobalTableId: 0
                table:
                    input format: org.apache.hadoop.mapred.TextInputFormat
                    output format: org.apache.hadoop.hive.ql.io.HiveIgnoreKeyTextOutputFormat
                    serde: org.apache.hadoop.hive.serde2.lazy.LazySimpleSerDe

  Stage: Stage-0
    Fetch Operator
      limit: -1

PREHOOK: query: -- order by
select key 
from src t 
where key < '12'
group by t.key 
order by t.key
PREHOOK: type: QUERY
PREHOOK: Input: default@src
#### A masked pattern was here ####
POSTHOOK: query: -- order by
select key 
from src t 
where key < '12'
group by t.key 
order by t.key
POSTHOOK: type: QUERY
POSTHOOK: Input: default@src
#### A masked pattern was here ####
0
10
100
103
104
105
11
111
113
114
116
118
119
PREHOOK: query: -- cluster by
EXPLAIN
SELECT x.key, x.value as key FROM SRC x CLUSTER BY key
PREHOOK: type: QUERY
POSTHOOK: query: -- cluster by
EXPLAIN
SELECT x.key, x.value as key FROM SRC x CLUSTER BY key
POSTHOOK: type: QUERY
ABSTRACT SYNTAX TREE:
  (TOK_QUERY (TOK_FROM (TOK_TABREF (TOK_TABNAME SRC) x)) (TOK_INSERT (TOK_DESTINATION (TOK_DIR TOK_TMP_FILE)) (TOK_SELECT (TOK_SELEXPR (. (TOK_TABLE_OR_COL x) key)) (TOK_SELEXPR (. (TOK_TABLE_OR_COL x) value) key)) (TOK_CLUSTERBY (TOK_TABLE_OR_COL key))))

STAGE DEPENDENCIES:
  Stage-1 is a root stage
  Stage-0 is a root stage

STAGE PLANS:
  Stage: Stage-1
    Map Reduce
      Alias -> Map Operator Tree:
        x 
          TableScan
            alias: x
            Select Operator
              expressions:
                    expr: key
                    type: string
                    expr: value
                    type: string
              outputColumnNames: _col0, _col1
              Reduce Output Operator
                key expressions:
                      expr: _col0
                      type: string
                sort order: +
                Map-reduce partition columns:
                      expr: _col0
                      type: string
                tag: -1
                value expressions:
                      expr: _col0
                      type: string
                      expr: _col1
                      type: string
      Reduce Operator Tree:
        Extract
          File Output Operator
            compressed: false
            GlobalTableId: 0
            table:
                input format: org.apache.hadoop.mapred.TextInputFormat
                output format: org.apache.hadoop.hive.ql.io.HiveIgnoreKeyTextOutputFormat
                serde: org.apache.hadoop.hive.serde2.lazy.LazySimpleSerDe

  Stage: Stage-0
    Fetch Operator
      limit: -1

