PREHOOK: query: create table tbl_created_by_init(i int)
PREHOOK: type: CREATETABLE
POSTHOOK: query: create table tbl_created_by_init(i int)
POSTHOOK: type: CREATETABLE
POSTHOOK: Output: default@tbl_created_by_init
PREHOOK: query: select * from tbl_created_by_init
PREHOOK: type: QUERY
PREHOOK: Input: default@tbl_created_by_init
#### A masked pattern was here ####
POSTHOOK: query: select * from tbl_created_by_init
POSTHOOK: type: QUERY
POSTHOOK: Input: default@tbl_created_by_init
#### A masked pattern was here ####
