PREHOOK: query: drop table intermediate
PREHOOK: type: DROPTABLE
POSTHOOK: query: drop table intermediate
POSTHOOK: type: DROPTABLE
PREHOOK: query: create table intermediate(key int) partitioned by (p int) stored as orc
PREHOOK: type: CREATETABLE
PREHOOK: Output: database:default
PREHOOK: Output: default@intermediate
POSTHOOK: query: create table intermediate(key int) partitioned by (p int) stored as orc
POSTHOOK: type: CREATETABLE
POSTHOOK: Output: database:default
POSTHOOK: Output: default@intermediate
PREHOOK: query: insert into table intermediate partition(p='455') select distinct key from src where key >= 0 order by key desc limit 2
PREHOOK: type: QUERY
PREHOOK: Input: default@src
PREHOOK: Output: default@intermediate@p=455
POSTHOOK: query: insert into table intermediate partition(p='455') select distinct key from src where key >= 0 order by key desc limit 2
POSTHOOK: type: QUERY
POSTHOOK: Input: default@src
POSTHOOK: Output: default@intermediate@p=455
POSTHOOK: Lineage: intermediate PARTITION(p=455).key EXPRESSION [(src)src.FieldSchema(name:key, type:string, comment:default), ]
PREHOOK: query: insert into table intermediate partition(p='456') select distinct key from src where key is not null order by key asc limit 2
PREHOOK: type: QUERY
PREHOOK: Input: default@src
PREHOOK: Output: default@intermediate@p=456
POSTHOOK: query: insert into table intermediate partition(p='456') select distinct key from src where key is not null order by key asc limit 2
POSTHOOK: type: QUERY
POSTHOOK: Input: default@src
POSTHOOK: Output: default@intermediate@p=456
POSTHOOK: Lineage: intermediate PARTITION(p=456).key EXPRESSION [(src)src.FieldSchema(name:key, type:string, comment:default), ]
PREHOOK: query: drop table intermmediate_nonpart
PREHOOK: type: DROPTABLE
POSTHOOK: query: drop table intermmediate_nonpart
POSTHOOK: type: DROPTABLE
PREHOOK: query: create table intermmediate_nonpart(key int, p int) tblproperties("transactional"="true", "transactional_properties"="insert_only")
PREHOOK: type: CREATETABLE
PREHOOK: Output: database:default
PREHOOK: Output: default@intermmediate_nonpart
POSTHOOK: query: create table intermmediate_nonpart(key int, p int) tblproperties("transactional"="true", "transactional_properties"="insert_only")
POSTHOOK: type: CREATETABLE
POSTHOOK: Output: database:default
POSTHOOK: Output: default@intermmediate_nonpart
PREHOOK: query: insert into intermmediate_nonpart select * from intermediate
PREHOOK: type: QUERY
PREHOOK: Input: default@intermediate
PREHOOK: Input: default@intermediate@p=455
PREHOOK: Input: default@intermediate@p=456
PREHOOK: Output: default@intermmediate_nonpart
POSTHOOK: query: insert into intermmediate_nonpart select * from intermediate
POSTHOOK: type: QUERY
POSTHOOK: Input: default@intermediate
POSTHOOK: Input: default@intermediate@p=455
POSTHOOK: Input: default@intermediate@p=456
POSTHOOK: Output: default@intermmediate_nonpart
POSTHOOK: Lineage: intermmediate_nonpart.key SIMPLE [(intermediate)intermediate.FieldSchema(name:key, type:int, comment:null), ]
POSTHOOK: Lineage: intermmediate_nonpart.p SIMPLE [(intermediate)intermediate.FieldSchema(name:p, type:int, comment:null), ]
PREHOOK: query: export table intermmediate_nonpart to 'ql/test/data/exports/intermmediate_nonpart'
PREHOOK: type: EXPORT
PREHOOK: Input: default@intermmediate_nonpart
#### A masked pattern was here ####
POSTHOOK: query: export table intermmediate_nonpart to 'ql/test/data/exports/intermmediate_nonpart'
POSTHOOK: type: EXPORT
POSTHOOK: Input: default@intermmediate_nonpart
#### A masked pattern was here ####
PREHOOK: query: drop table intermmediate_nonpart
PREHOOK: type: DROPTABLE
PREHOOK: Input: default@intermmediate_nonpart
PREHOOK: Output: default@intermmediate_nonpart
POSTHOOK: query: drop table intermmediate_nonpart
POSTHOOK: type: DROPTABLE
POSTHOOK: Input: default@intermmediate_nonpart
POSTHOOK: Output: default@intermmediate_nonpart
PREHOOK: query: -- MM export into new MM table, non-part and part

drop table import2_mm
PREHOOK: type: DROPTABLE
POSTHOOK: query: -- MM export into new MM table, non-part and part

drop table import2_mm
POSTHOOK: type: DROPTABLE
PREHOOK: query: import table import2_mm from 'ql/test/data/exports/intermmediate_nonpart'
PREHOOK: type: IMPORT
#### A masked pattern was here ####
PREHOOK: Output: database:default
POSTHOOK: query: import table import2_mm from 'ql/test/data/exports/intermmediate_nonpart'
POSTHOOK: type: IMPORT
#### A masked pattern was here ####
POSTHOOK: Output: database:default
POSTHOOK: Output: default@import2_mm
PREHOOK: query: desc import2_mm
PREHOOK: type: DESCTABLE
PREHOOK: Input: default@import2_mm
POSTHOOK: query: desc import2_mm
POSTHOOK: type: DESCTABLE
POSTHOOK: Input: default@import2_mm
key                 	int                 	                    
p                   	int                 	                    
PREHOOK: query: select * from import2_mm order by key, p
PREHOOK: type: QUERY
PREHOOK: Input: default@import2_mm
#### A masked pattern was here ####
POSTHOOK: query: select * from import2_mm order by key, p
POSTHOOK: type: QUERY
POSTHOOK: Input: default@import2_mm
#### A masked pattern was here ####
0	456
10	456
97	455
98	455
PREHOOK: query: drop table import2_mm
PREHOOK: type: DROPTABLE
PREHOOK: Input: default@import2_mm
PREHOOK: Output: default@import2_mm
POSTHOOK: query: drop table import2_mm
POSTHOOK: type: DROPTABLE
POSTHOOK: Input: default@import2_mm
POSTHOOK: Output: default@import2_mm
PREHOOK: query: drop table intermediate
PREHOOK: type: DROPTABLE
PREHOOK: Input: default@intermediate
PREHOOK: Output: default@intermediate
POSTHOOK: query: drop table intermediate
POSTHOOK: type: DROPTABLE
POSTHOOK: Input: default@intermediate
POSTHOOK: Output: default@intermediate
