PREHOOK: query: -- HIVE-5199 : CustomSerDe1 and CustomSerDe2 are used here.
-- The final results should be all NULL columns deserialized using 
-- CustomSerDe1 and CustomSerDe2 irrespective of the inserted values

DROP TABLE PW17
PREHOOK: type: DROPTABLE
POSTHOOK: query: -- HIVE-5199 : CustomSerDe1 and CustomSerDe2 are used here.
-- The final results should be all NULL columns deserialized using 
-- CustomSerDe1 and CustomSerDe2 irrespective of the inserted values

DROP TABLE PW17
POSTHOOK: type: DROPTABLE
PREHOOK: query: CREATE TABLE PW17(USER STRING, COMPLEXDT ARRAY<INT>) PARTITIONED BY (YEAR STRING) ROW FORMAT SERDE 'org.apache.hadoop.hive.serde2.CustomSerDe1'
PREHOOK: type: CREATETABLE
POSTHOOK: query: CREATE TABLE PW17(USER STRING, COMPLEXDT ARRAY<INT>) PARTITIONED BY (YEAR STRING) ROW FORMAT SERDE 'org.apache.hadoop.hive.serde2.CustomSerDe1'
POSTHOOK: type: CREATETABLE
POSTHOOK: Output: default@PW17
PREHOOK: query: LOAD DATA LOCAL INPATH '../data/files/pw17.txt' INTO TABLE PW17 PARTITION (YEAR='1')
PREHOOK: type: LOAD
PREHOOK: Output: default@pw17
POSTHOOK: query: LOAD DATA LOCAL INPATH '../data/files/pw17.txt' INTO TABLE PW17 PARTITION (YEAR='1')
POSTHOOK: type: LOAD
POSTHOOK: Output: default@pw17
POSTHOOK: Output: default@pw17@year=1
PREHOOK: query: ALTER TABLE PW17 PARTITION(YEAR='1') SET SERDE 'org.apache.hadoop.hive.serde2.CustomSerDe2'
PREHOOK: type: ALTERPARTITION_SERIALIZER
PREHOOK: Input: default@pw17
PREHOOK: Output: default@pw17@year=1
POSTHOOK: query: ALTER TABLE PW17 PARTITION(YEAR='1') SET SERDE 'org.apache.hadoop.hive.serde2.CustomSerDe2'
POSTHOOK: type: ALTERPARTITION_SERIALIZER
POSTHOOK: Input: default@pw17
POSTHOOK: Input: default@pw17@year=1
POSTHOOK: Output: default@pw17@year=1
PREHOOK: query: ALTER TABLE PW17 SET SERDE 'org.apache.hadoop.hive.serde2.CustomSerDe1'
PREHOOK: type: ALTERTABLE_SERIALIZER
PREHOOK: Input: default@pw17
PREHOOK: Output: default@pw17
POSTHOOK: query: ALTER TABLE PW17 SET SERDE 'org.apache.hadoop.hive.serde2.CustomSerDe1'
POSTHOOK: type: ALTERTABLE_SERIALIZER
POSTHOOK: Input: default@pw17
POSTHOOK: Output: default@pw17
PREHOOK: query: -- Without the fix, will throw cast exception via FetchOperator
SELECT * FROM PW17
PREHOOK: type: QUERY
PREHOOK: Input: default@pw17
PREHOOK: Input: default@pw17@year=1
#### A masked pattern was here ####
POSTHOOK: query: -- Without the fix, will throw cast exception via FetchOperator
SELECT * FROM PW17
POSTHOOK: type: QUERY
POSTHOOK: Input: default@pw17
POSTHOOK: Input: default@pw17@year=1
#### A masked pattern was here ####
NULL	NULL	1
NULL	NULL	1
NULL	NULL	1
NULL	NULL	1
PREHOOK: query: -- Test for non-parititioned table. 
DROP TABLE PW17_2
PREHOOK: type: DROPTABLE
POSTHOOK: query: -- Test for non-parititioned table. 
DROP TABLE PW17_2
POSTHOOK: type: DROPTABLE
PREHOOK: query: CREATE TABLE PW17_2(USER STRING, COMPLEXDT ARRAY<INT>) ROW FORMAT SERDE 'org.apache.hadoop.hive.serde2.CustomSerDe1'
PREHOOK: type: CREATETABLE
POSTHOOK: query: CREATE TABLE PW17_2(USER STRING, COMPLEXDT ARRAY<INT>) ROW FORMAT SERDE 'org.apache.hadoop.hive.serde2.CustomSerDe1'
POSTHOOK: type: CREATETABLE
POSTHOOK: Output: default@PW17_2
PREHOOK: query: LOAD DATA LOCAL INPATH '../data/files/pw17.txt' INTO TABLE PW17_2
PREHOOK: type: LOAD
PREHOOK: Output: default@pw17_2
POSTHOOK: query: LOAD DATA LOCAL INPATH '../data/files/pw17.txt' INTO TABLE PW17_2
POSTHOOK: type: LOAD
POSTHOOK: Output: default@pw17_2
PREHOOK: query: -- Without the fix, will throw cast exception via MapOperator
SELECT COUNT(*) FROM PW17_2
PREHOOK: type: QUERY
PREHOOK: Input: default@pw17_2
#### A masked pattern was here ####
POSTHOOK: query: -- Without the fix, will throw cast exception via MapOperator
SELECT COUNT(*) FROM PW17_2
POSTHOOK: type: QUERY
POSTHOOK: Input: default@pw17_2
#### A masked pattern was here ####
4
