10	val_10
100	val_100
100	val_100
103	val_103
103	val_103
104	val_104
104	val_104
105	val_105
310	val_310
