PREHOOK: query: explain select i_item_id ,i_item_desc ,i_current_price from item, inventory, date_dim, store_sales where i_current_price between 30 and 30+30 and inv_item_sk = i_item_sk and d_date_sk=inv_date_sk and d_date between '2002-05-30' and '2002-07-30' and i_manufact_id in (437,129,727,663) and inv_quantity_on_hand between 100 and 500 and ss_item_sk = i_item_sk group by i_item_id,i_item_desc,i_current_price order by i_item_id limit 100
PREHOOK: type: QUERY
POSTHOOK: query: explain select i_item_id ,i_item_desc ,i_current_price from item, inventory, date_dim, store_sales where i_current_price between 30 and 30+30 and inv_item_sk = i_item_sk and d_date_sk=inv_date_sk and d_date between '2002-05-30' and '2002-07-30' and i_manufact_id in (437,129,727,663) and inv_quantity_on_hand between 100 and 500 and ss_item_sk = i_item_sk group by i_item_id,i_item_desc,i_current_price order by i_item_id limit 100
POSTHOOK: type: QUERY
Plan optimized by CBO.

Vertex dependency in root stage
Reducer 2 <- Map 1 (SIMPLE_EDGE), Map 6 (SIMPLE_EDGE), Map 8 (SIMPLE_EDGE)
Reducer 3 <- Map 7 (SIMPLE_EDGE), Reducer 2 (SIMPLE_EDGE)
Reducer 4 <- Reducer 3 (SIMPLE_EDGE)
Reducer 5 <- Reducer 4 (SIMPLE_EDGE)

Stage-0
   Fetch Operator
      limit:100
      Stage-1
         Reducer 5
         File Output Operator [FS_27]
            compressed:false
            Statistics:Num rows: 100 Data size: 143600 Basic stats: COMPLETE Column stats: NONE
            table:{"input format:":"org.apache.hadoop.mapred.TextInputFormat","output format:":"org.apache.hadoop.hive.ql.io.HiveIgnoreKeyTextOutputFormat","serde:":"org.apache.hadoop.hive.serde2.lazy.LazySimpleSerDe"}
            Limit [LIM_26]
               Number of rows:100
               Statistics:Num rows: 100 Data size: 143600 Basic stats: COMPLETE Column stats: NONE
               Select Operator [SEL_25]
               |  outputColumnNames:["_col0","_col1","_col2"]
               |  Statistics:Num rows: 139755 Data size: 200727046 Basic stats: COMPLETE Column stats: NONE
               |<-Reducer 4 [SIMPLE_EDGE]
                  Reduce Output Operator [RS_24]
                     key expressions:_col0 (type: string)
                     sort order:+
                     Statistics:Num rows: 139755 Data size: 200727046 Basic stats: COMPLETE Column stats: NONE
                     value expressions:_col1 (type: string), _col2 (type: decimal(7,2))
                     Group By Operator [GBY_22]
                     |  keys:KEY._col0 (type: string), KEY._col1 (type: string), KEY._col2 (type: decimal(7,2))
                     |  outputColumnNames:["_col0","_col1","_col2"]
                     |  Statistics:Num rows: 139755 Data size: 200727046 Basic stats: COMPLETE Column stats: NONE
                     |<-Reducer 3 [SIMPLE_EDGE]
                        Reduce Output Operator [RS_21]
                           key expressions:_col0 (type: string), _col1 (type: string), _col2 (type: decimal(7,2))
                           Map-reduce partition columns:_col0 (type: string), _col1 (type: string), _col2 (type: decimal(7,2))
                           sort order:+++
                           Statistics:Num rows: 279510 Data size: 401454092 Basic stats: COMPLETE Column stats: NONE
                           Group By Operator [GBY_20]
                              keys:_col1 (type: string), _col2 (type: string), _col3 (type: decimal(7,2))
                              outputColumnNames:["_col0","_col1","_col2"]
                              Statistics:Num rows: 279510 Data size: 401454092 Basic stats: COMPLETE Column stats: NONE
                              Merge Join Operator [MERGEJOIN_43]
                              |  condition map:[{"":"Inner Join 0 to 1"}]
                              |  keys:{"0":"_col5 (type: int)","1":"_col0 (type: int)"}
                              |  outputColumnNames:["_col1","_col2","_col3"]
                              |  Statistics:Num rows: 279510 Data size: 401454092 Basic stats: COMPLETE Column stats: NONE
                              |<-Map 7 [SIMPLE_EDGE]
                              |  Reduce Output Operator [RS_17]
                              |     key expressions:_col0 (type: int)
                              |     Map-reduce partition columns:_col0 (type: int)
                              |     sort order:+
                              |     Statistics:Num rows: 36524 Data size: 40870356 Basic stats: COMPLETE Column stats: NONE
                              |     Select Operator [SEL_8]
                              |        outputColumnNames:["_col0"]
                              |        Statistics:Num rows: 36524 Data size: 40870356 Basic stats: COMPLETE Column stats: NONE
                              |        Filter Operator [FIL_40]
                              |           predicate:(d_date BETWEEN '2002-05-30' AND '2002-07-30' and d_date_sk is not null) (type: boolean)
                              |           Statistics:Num rows: 36524 Data size: 40870356 Basic stats: COMPLETE Column stats: NONE
                              |           TableScan [TS_6]
                              |              alias:date_dim
                              |              Statistics:Num rows: 73049 Data size: 81741831 Basic stats: COMPLETE Column stats: NONE
                              |<-Reducer 2 [SIMPLE_EDGE]
                                 Reduce Output Operator [RS_16]
                                    key expressions:_col5 (type: int)
                                    Map-reduce partition columns:_col5 (type: int)
                                    sort order:+
                                    Statistics:Num rows: 254100 Data size: 364958258 Basic stats: COMPLETE Column stats: NONE
                                    value expressions:_col1 (type: string), _col2 (type: string), _col3 (type: decimal(7,2))
                                    Merge Join Operator [MERGEJOIN_42]
                                    |  condition map:[{"":"Inner Join 0 to 1"},{"":"Inner Join 0 to 2"}]
                                    |  keys:{"0":"_col0 (type: int)","1":"_col1 (type: int)","2":"_col0 (type: int)"}
                                    |  outputColumnNames:["_col1","_col2","_col3","_col5"]
                                    |  Statistics:Num rows: 254100 Data size: 364958258 Basic stats: COMPLETE Column stats: NONE
                                    |<-Map 1 [SIMPLE_EDGE]
                                    |  Reduce Output Operator [RS_12]
                                    |     key expressions:_col0 (type: int)
                                    |     Map-reduce partition columns:_col0 (type: int)
                                    |     sort order:+
                                    |     Statistics:Num rows: 115500 Data size: 165890114 Basic stats: COMPLETE Column stats: NONE
                                    |     value expressions:_col1 (type: string), _col2 (type: string), _col3 (type: decimal(7,2))
                                    |     Select Operator [SEL_2]
                                    |        outputColumnNames:["_col0","_col1","_col2","_col3"]
                                    |        Statistics:Num rows: 115500 Data size: 165890114 Basic stats: COMPLETE Column stats: NONE
                                    |        Filter Operator [FIL_38]
                                    |           predicate:((i_current_price BETWEEN 30 AND 60 and (i_manufact_id) IN (437, 129, 727, 663)) and i_item_sk is not null) (type: boolean)
                                    |           Statistics:Num rows: 115500 Data size: 165890114 Basic stats: COMPLETE Column stats: NONE
                                    |           TableScan [TS_0]
                                    |              alias:item
                                    |              Statistics:Num rows: 462000 Data size: 663560457 Basic stats: COMPLETE Column stats: NONE
                                    |<-Map 6 [SIMPLE_EDGE]
                                    |  Reduce Output Operator [RS_13]
                                    |     key expressions:_col1 (type: int)
                                    |     Map-reduce partition columns:_col1 (type: int)
                                    |     sort order:+
                                    |     Statistics:Num rows: 1 Data size: 0 Basic stats: PARTIAL Column stats: NONE
                                    |     value expressions:_col0 (type: int)
                                    |     Select Operator [SEL_5]
                                    |        outputColumnNames:["_col0","_col1"]
                                    |        Statistics:Num rows: 1 Data size: 0 Basic stats: PARTIAL Column stats: NONE
                                    |        Filter Operator [FIL_39]
                                    |           predicate:((inv_quantity_on_hand BETWEEN 100 AND 500 and inv_item_sk is not null) and inv_date_sk is not null) (type: boolean)
                                    |           Statistics:Num rows: 1 Data size: 0 Basic stats: PARTIAL Column stats: NONE
                                    |           TableScan [TS_3]
                                    |              alias:inventory
                                    |              Statistics:Num rows: 1 Data size: 0 Basic stats: PARTIAL Column stats: NONE
                                    |<-Map 8 [SIMPLE_EDGE]
                                       Reduce Output Operator [RS_14]
                                          key expressions:_col0 (type: int)
                                          Map-reduce partition columns:_col0 (type: int)
                                          sort order:+
                                          Statistics:Num rows: 1 Data size: 0 Basic stats: PARTIAL Column stats: NONE
                                          Select Operator [SEL_11]
                                             outputColumnNames:["_col0"]
                                             Statistics:Num rows: 1 Data size: 0 Basic stats: PARTIAL Column stats: NONE
                                             Filter Operator [FIL_41]
                                                predicate:ss_item_sk is not null (type: boolean)
                                                Statistics:Num rows: 1 Data size: 0 Basic stats: PARTIAL Column stats: NONE
                                                TableScan [TS_9]
                                                   alias:store_sales
                                                   Statistics:Num rows: 1 Data size: 0 Basic stats: PARTIAL Column stats: NONE

