PREHOOK: query: explain select ca_zip, ca_county, sum(ws_sales_price) from web_sales JOIN customer ON web_sales.ws_bill_customer_sk = customer.c_customer_sk JOIN customer_address ON customer.c_current_addr_sk = customer_address.ca_address_sk JOIN date_dim ON web_sales.ws_sold_date_sk = date_dim.d_date_sk JOIN item ON web_sales.ws_item_sk = item.i_item_sk where ( item.i_item_id in (select i_item_id from item i2 where i2.i_item_sk in (2, 3, 5, 7, 11, 13, 17, 19, 23, 29) ) ) and d_qoy = 2 and d_year = 2000 group by ca_zip, ca_county order by ca_zip, ca_county limit 100
PREHOOK: type: QUERY
POSTHOOK: query: explain select ca_zip, ca_county, sum(ws_sales_price) from web_sales JOIN customer ON web_sales.ws_bill_customer_sk = customer.c_customer_sk JOIN customer_address ON customer.c_current_addr_sk = customer_address.ca_address_sk JOIN date_dim ON web_sales.ws_sold_date_sk = date_dim.d_date_sk JOIN item ON web_sales.ws_item_sk = item.i_item_sk where ( item.i_item_id in (select i_item_id from item i2 where i2.i_item_sk in (2, 3, 5, 7, 11, 13, 17, 19, 23, 29) ) ) and d_qoy = 2 and d_year = 2000 group by ca_zip, ca_county order by ca_zip, ca_county limit 100
POSTHOOK: type: QUERY
Plan optimized by CBO.

Vertex dependency in root stage
Reducer 12 <- Map 11 (SIMPLE_EDGE), Map 13 (SIMPLE_EDGE)
Reducer 2 <- Map 1 (SIMPLE_EDGE), Map 8 (SIMPLE_EDGE)
Reducer 3 <- Map 9 (SIMPLE_EDGE), Reducer 2 (SIMPLE_EDGE)
Reducer 4 <- Map 10 (SIMPLE_EDGE), Reducer 3 (SIMPLE_EDGE)
Reducer 5 <- Reducer 12 (SIMPLE_EDGE), Reducer 4 (SIMPLE_EDGE)
Reducer 6 <- Reducer 5 (SIMPLE_EDGE)
Reducer 7 <- Reducer 6 (SIMPLE_EDGE)

Stage-0
   Fetch Operator
      limit:100
      Stage-1
         Reducer 7
         File Output Operator [FS_44]
            compressed:false
            Statistics:Num rows: 100 Data size: 86000 Basic stats: COMPLETE Column stats: NONE
            table:{"input format:":"org.apache.hadoop.mapred.TextInputFormat","output format:":"org.apache.hadoop.hive.ql.io.HiveIgnoreKeyTextOutputFormat","serde:":"org.apache.hadoop.hive.serde2.lazy.LazySimpleSerDe"}
            Limit [LIM_43]
               Number of rows:100
               Statistics:Num rows: 100 Data size: 86000 Basic stats: COMPLETE Column stats: NONE
               Select Operator [SEL_42]
               |  outputColumnNames:["_col0","_col1","_col2"]
               |  Statistics:Num rows: 58564004 Data size: 50366227250 Basic stats: COMPLETE Column stats: NONE
               |<-Reducer 6 [SIMPLE_EDGE]
                  Reduce Output Operator [RS_41]
                     key expressions:_col0 (type: string), _col1 (type: string)
                     sort order:++
                     Statistics:Num rows: 58564004 Data size: 50366227250 Basic stats: COMPLETE Column stats: NONE
                     value expressions:_col2 (type: decimal(17,2))
                     Select Operator [SEL_40]
                        outputColumnNames:["_col0","_col1","_col2"]
                        Statistics:Num rows: 58564004 Data size: 50366227250 Basic stats: COMPLETE Column stats: NONE
                        Group By Operator [GBY_39]
                        |  aggregations:["sum(VALUE._col0)"]
                        |  keys:KEY._col0 (type: string), KEY._col1 (type: string)
                        |  outputColumnNames:["_col0","_col1","_col2"]
                        |  Statistics:Num rows: 58564004 Data size: 50366227250 Basic stats: COMPLETE Column stats: NONE
                        |<-Reducer 5 [SIMPLE_EDGE]
                           Reduce Output Operator [RS_38]
                              key expressions:_col0 (type: string), _col1 (type: string)
                              Map-reduce partition columns:_col0 (type: string), _col1 (type: string)
                              sort order:++
                              Statistics:Num rows: 117128008 Data size: 100732454500 Basic stats: COMPLETE Column stats: NONE
                              value expressions:_col2 (type: decimal(17,2))
                              Group By Operator [GBY_37]
                                 aggregations:["sum(_col3)"]
                                 keys:_col7 (type: string), _col8 (type: string)
                                 outputColumnNames:["_col0","_col1","_col2"]
                                 Statistics:Num rows: 117128008 Data size: 100732454500 Basic stats: COMPLETE Column stats: NONE
                                 Select Operator [SEL_36]
                                    outputColumnNames:["_col7","_col8","_col3"]
                                    Statistics:Num rows: 117128008 Data size: 100732454500 Basic stats: COMPLETE Column stats: NONE
                                    Merge Join Operator [MERGEJOIN_72]
                                    |  condition map:[{"":"Inner Join 0 to 1"}]
                                    |  keys:{"0":"_col1 (type: int)","1":"_col0 (type: int)"}
                                    |  outputColumnNames:["_col3","_col7","_col8"]
                                    |  Statistics:Num rows: 117128008 Data size: 100732454500 Basic stats: COMPLETE Column stats: NONE
                                    |<-Reducer 12 [SIMPLE_EDGE]
                                    |  Reduce Output Operator [RS_34]
                                    |     key expressions:_col0 (type: int)
                                    |     Map-reduce partition columns:_col0 (type: int)
                                    |     sort order:+
                                    |     Statistics:Num rows: 508200 Data size: 729916518 Basic stats: COMPLETE Column stats: NONE
                                    |     Merge Join Operator [MERGEJOIN_71]
                                    |     |  condition map:[{"":"Left Semi Join 0 to 1"}]
                                    |     |  keys:{"0":"_col1 (type: string)","1":"_col0 (type: string)"}
                                    |     |  outputColumnNames:["_col0"]
                                    |     |  Statistics:Num rows: 508200 Data size: 729916518 Basic stats: COMPLETE Column stats: NONE
                                    |     |<-Map 11 [SIMPLE_EDGE]
                                    |     |  Reduce Output Operator [RS_20]
                                    |     |     key expressions:_col1 (type: string)
                                    |     |     Map-reduce partition columns:_col1 (type: string)
                                    |     |     sort order:+
                                    |     |     Statistics:Num rows: 462000 Data size: 663560457 Basic stats: COMPLETE Column stats: NONE
                                    |     |     value expressions:_col0 (type: int)
                                    |     |     Select Operator [SEL_14]
                                    |     |        outputColumnNames:["_col0","_col1"]
                                    |     |        Statistics:Num rows: 462000 Data size: 663560457 Basic stats: COMPLETE Column stats: NONE
                                    |     |        Filter Operator [FIL_66]
                                    |     |           predicate:(i_item_sk is not null and i_item_id is not null) (type: boolean)
                                    |     |           Statistics:Num rows: 462000 Data size: 663560457 Basic stats: COMPLETE Column stats: NONE
                                    |     |           TableScan [TS_12]
                                    |     |              alias:item
                                    |     |              Statistics:Num rows: 462000 Data size: 663560457 Basic stats: COMPLETE Column stats: NONE
                                    |     |<-Map 13 [SIMPLE_EDGE]
                                    |        Reduce Output Operator [RS_21]
                                    |           key expressions:_col0 (type: string)
                                    |           Map-reduce partition columns:_col0 (type: string)
                                    |           sort order:+
                                    |           Statistics:Num rows: 231000 Data size: 331780228 Basic stats: COMPLETE Column stats: NONE
                                    |           Group By Operator [GBY_19]
                                    |              keys:_col0 (type: string)
                                    |              outputColumnNames:["_col0"]
                                    |              Statistics:Num rows: 231000 Data size: 331780228 Basic stats: COMPLETE Column stats: NONE
                                    |              Select Operator [SEL_17]
                                    |                 outputColumnNames:["_col0"]
                                    |                 Statistics:Num rows: 231000 Data size: 331780228 Basic stats: COMPLETE Column stats: NONE
                                    |                 Filter Operator [FIL_67]
                                    |                    predicate:((i_item_sk) IN (2, 3, 5, 7, 11, 13, 17, 19, 23, 29) and i_item_id is not null) (type: boolean)
                                    |                    Statistics:Num rows: 231000 Data size: 331780228 Basic stats: COMPLETE Column stats: NONE
                                    |                    TableScan [TS_15]
                                    |                       alias:item
                                    |                       Statistics:Num rows: 462000 Data size: 663560457 Basic stats: COMPLETE Column stats: NONE
                                    |<-Reducer 4 [SIMPLE_EDGE]
                                       Reduce Output Operator [RS_33]
                                          key expressions:_col1 (type: int)
                                          Map-reduce partition columns:_col1 (type: int)
                                          sort order:+
                                          Statistics:Num rows: 106480005 Data size: 91574956652 Basic stats: COMPLETE Column stats: NONE
                                          value expressions:_col3 (type: decimal(7,2)), _col7 (type: string), _col8 (type: string)
                                          Merge Join Operator [MERGEJOIN_70]
                                          |  condition map:[{"":"Inner Join 0 to 1"}]
                                          |  keys:{"0":"_col0 (type: int)","1":"_col0 (type: int)"}
                                          |  outputColumnNames:["_col1","_col3","_col7","_col8"]
                                          |  Statistics:Num rows: 106480005 Data size: 91574956652 Basic stats: COMPLETE Column stats: NONE
                                          |<-Map 10 [SIMPLE_EDGE]
                                          |  Reduce Output Operator [RS_31]
                                          |     key expressions:_col0 (type: int)
                                          |     Map-reduce partition columns:_col0 (type: int)
                                          |     sort order:+
                                          |     Statistics:Num rows: 18262 Data size: 20435178 Basic stats: COMPLETE Column stats: NONE
                                          |     Select Operator [SEL_11]
                                          |        outputColumnNames:["_col0"]
                                          |        Statistics:Num rows: 18262 Data size: 20435178 Basic stats: COMPLETE Column stats: NONE
                                          |        Filter Operator [FIL_65]
                                          |           predicate:((d_date_sk is not null and (d_qoy = 2)) and (d_year = 2000)) (type: boolean)
                                          |           Statistics:Num rows: 18262 Data size: 20435178 Basic stats: COMPLETE Column stats: NONE
                                          |           TableScan [TS_9]
                                          |              alias:date_dim
                                          |              Statistics:Num rows: 73049 Data size: 81741831 Basic stats: COMPLETE Column stats: NONE
                                          |<-Reducer 3 [SIMPLE_EDGE]
                                             Reduce Output Operator [RS_30]
                                                key expressions:_col0 (type: int)
                                                Map-reduce partition columns:_col0 (type: int)
                                                sort order:+
                                                Statistics:Num rows: 96800003 Data size: 83249958789 Basic stats: COMPLETE Column stats: NONE
                                                value expressions:_col1 (type: int), _col3 (type: decimal(7,2)), _col7 (type: string), _col8 (type: string)
                                                Merge Join Operator [MERGEJOIN_69]
                                                |  condition map:[{"":"Inner Join 0 to 1"}]
                                                |  keys:{"0":"_col5 (type: int)","1":"_col0 (type: int)"}
                                                |  outputColumnNames:["_col0","_col1","_col3","_col7","_col8"]
                                                |  Statistics:Num rows: 96800003 Data size: 83249958789 Basic stats: COMPLETE Column stats: NONE
                                                |<-Map 9 [SIMPLE_EDGE]
                                                |  Reduce Output Operator [RS_28]
                                                |     key expressions:_col0 (type: int)
                                                |     Map-reduce partition columns:_col0 (type: int)
                                                |     sort order:+
                                                |     Statistics:Num rows: 40000000 Data size: 40595195284 Basic stats: COMPLETE Column stats: NONE
                                                |     value expressions:_col1 (type: string), _col2 (type: string)
                                                |     Select Operator [SEL_8]
                                                |        outputColumnNames:["_col0","_col1","_col2"]
                                                |        Statistics:Num rows: 40000000 Data size: 40595195284 Basic stats: COMPLETE Column stats: NONE
                                                |        Filter Operator [FIL_64]
                                                |           predicate:ca_address_sk is not null (type: boolean)
                                                |           Statistics:Num rows: 40000000 Data size: 40595195284 Basic stats: COMPLETE Column stats: NONE
                                                |           TableScan [TS_6]
                                                |              alias:customer_address
                                                |              Statistics:Num rows: 40000000 Data size: 40595195284 Basic stats: COMPLETE Column stats: NONE
                                                |<-Reducer 2 [SIMPLE_EDGE]
                                                   Reduce Output Operator [RS_27]
                                                      key expressions:_col5 (type: int)
                                                      Map-reduce partition columns:_col5 (type: int)
                                                      sort order:+
                                                      Statistics:Num rows: 88000001 Data size: 75681779077 Basic stats: COMPLETE Column stats: NONE
                                                      value expressions:_col0 (type: int), _col1 (type: int), _col3 (type: decimal(7,2))
                                                      Merge Join Operator [MERGEJOIN_68]
                                                      |  condition map:[{"":"Inner Join 0 to 1"}]
                                                      |  keys:{"0":"_col2 (type: int)","1":"_col0 (type: int)"}
                                                      |  outputColumnNames:["_col0","_col1","_col3","_col5"]
                                                      |  Statistics:Num rows: 88000001 Data size: 75681779077 Basic stats: COMPLETE Column stats: NONE
                                                      |<-Map 1 [SIMPLE_EDGE]
                                                      |  Reduce Output Operator [RS_24]
                                                      |     key expressions:_col2 (type: int)
                                                      |     Map-reduce partition columns:_col2 (type: int)
                                                      |     sort order:+
                                                      |     Statistics:Num rows: 1 Data size: 0 Basic stats: PARTIAL Column stats: NONE
                                                      |     value expressions:_col0 (type: int), _col1 (type: int), _col3 (type: decimal(7,2))
                                                      |     Select Operator [SEL_2]
                                                      |        outputColumnNames:["_col0","_col1","_col2","_col3"]
                                                      |        Statistics:Num rows: 1 Data size: 0 Basic stats: PARTIAL Column stats: NONE
                                                      |        Filter Operator [FIL_62]
                                                      |           predicate:((ws_bill_customer_sk is not null and ws_sold_date_sk is not null) and ws_item_sk is not null) (type: boolean)
                                                      |           Statistics:Num rows: 1 Data size: 0 Basic stats: PARTIAL Column stats: NONE
                                                      |           TableScan [TS_0]
                                                      |              alias:web_sales
                                                      |              Statistics:Num rows: 1 Data size: 0 Basic stats: PARTIAL Column stats: NONE
                                                      |<-Map 8 [SIMPLE_EDGE]
                                                         Reduce Output Operator [RS_25]
                                                            key expressions:_col0 (type: int)
                                                            Map-reduce partition columns:_col0 (type: int)
                                                            sort order:+
                                                            Statistics:Num rows: 80000000 Data size: 68801615852 Basic stats: COMPLETE Column stats: NONE
                                                            value expressions:_col1 (type: int)
                                                            Select Operator [SEL_5]
                                                               outputColumnNames:["_col0","_col1"]
                                                               Statistics:Num rows: 80000000 Data size: 68801615852 Basic stats: COMPLETE Column stats: NONE
                                                               Filter Operator [FIL_63]
                                                                  predicate:(c_customer_sk is not null and c_current_addr_sk is not null) (type: boolean)
                                                                  Statistics:Num rows: 80000000 Data size: 68801615852 Basic stats: COMPLETE Column stats: NONE
                                                                  TableScan [TS_3]
                                                                     alias:customer
                                                                     Statistics:Num rows: 80000000 Data size: 68801615852 Basic stats: COMPLETE Column stats: NONE

