PREHOOK: query: explain select  *
 from(select w_warehouse_name
            ,i_item_id
            ,sum(case when (cast(d_date as date) < cast ('1998-04-08' as date))
	                    then inv_quantity_on_hand 
                      else 0 end) as inv_before
            ,sum(case when (cast(d_date as date) >= cast ('1998-04-08' as date))
                      then inv_quantity_on_hand 
                      else 0 end) as inv_after
   from inventory
       ,warehouse
       ,item
       ,date_dim
   where i_current_price between 0.99 and 1.49
     and item.i_item_sk          = inventory.inv_item_sk
     and inventory.inv_warehouse_sk   = warehouse.w_warehouse_sk
     and inventory.inv_date_sk    = date_dim.d_date_sk
     and d_date between '1998-03-09' and '1998-05-07'
   group by w_warehouse_name, i_item_id) x
 where (case when inv_before > 0 
             then inv_after / inv_before 
             else null
             end) between 2.0/3.0 and 3.0/2.0
 order by w_warehouse_name
         ,i_item_id
 limit 100
PREHOOK: type: QUERY
POSTHOOK: query: explain select  *
 from(select w_warehouse_name
            ,i_item_id
            ,sum(case when (cast(d_date as date) < cast ('1998-04-08' as date))
	                    then inv_quantity_on_hand 
                      else 0 end) as inv_before
            ,sum(case when (cast(d_date as date) >= cast ('1998-04-08' as date))
                      then inv_quantity_on_hand 
                      else 0 end) as inv_after
   from inventory
       ,warehouse
       ,item
       ,date_dim
   where i_current_price between 0.99 and 1.49
     and item.i_item_sk          = inventory.inv_item_sk
     and inventory.inv_warehouse_sk   = warehouse.w_warehouse_sk
     and inventory.inv_date_sk    = date_dim.d_date_sk
     and d_date between '1998-03-09' and '1998-05-07'
   group by w_warehouse_name, i_item_id) x
 where (case when inv_before > 0 
             then inv_after / inv_before 
             else null
             end) between 2.0/3.0 and 3.0/2.0
 order by w_warehouse_name
         ,i_item_id
 limit 100
POSTHOOK: type: QUERY
Plan optimized by CBO.

Vertex dependency in root stage
Reducer 2 <- Map 1 (SIMPLE_EDGE), Map 7 (SIMPLE_EDGE)
Reducer 3 <- Map 8 (SIMPLE_EDGE), Reducer 2 (SIMPLE_EDGE)
Reducer 4 <- Map 9 (SIMPLE_EDGE), Reducer 3 (SIMPLE_EDGE)
Reducer 5 <- Reducer 4 (SIMPLE_EDGE)
Reducer 6 <- Reducer 5 (SIMPLE_EDGE)

Stage-0
   Fetch Operator
      limit:100
      Stage-1
         Reducer 6
         File Output Operator [FS_31]
            compressed:false
            Statistics:Num rows: 100 Data size: 143600 Basic stats: COMPLETE Column stats: NONE
            table:{"input format:":"org.apache.hadoop.mapred.TextInputFormat","output format:":"org.apache.hadoop.hive.ql.io.HiveIgnoreKeyTextOutputFormat","serde:":"org.apache.hadoop.hive.serde2.lazy.LazySimpleSerDe"}
            Limit [LIM_30]
               Number of rows:100
               Statistics:Num rows: 100 Data size: 143600 Basic stats: COMPLETE Column stats: NONE
               Select Operator [SEL_29]
               |  outputColumnNames:["_col0","_col1","_col2","_col3"]
               |  Statistics:Num rows: 69877 Data size: 100362804 Basic stats: COMPLETE Column stats: NONE
               |<-Reducer 5 [SIMPLE_EDGE]
                  Reduce Output Operator [RS_28]
                     key expressions:_col0 (type: string), _col1 (type: string)
                     sort order:++
                     Statistics:Num rows: 69877 Data size: 100362804 Basic stats: COMPLETE Column stats: NONE
                     value expressions:_col2 (type: bigint), _col3 (type: bigint)
                     Filter Operator [FIL_26]
                        predicate:CASE WHEN ((_col2 > 0)) THEN ((UDFToDouble(_col3) / UDFToDouble(_col2))) ELSE (null) END BETWEEN 0.6666666666666666 AND 1.5 (type: boolean)
                        Statistics:Num rows: 69877 Data size: 100362804 Basic stats: COMPLETE Column stats: NONE
                        Group By Operator [GBY_25]
                        |  aggregations:["sum(VALUE._col0)","sum(VALUE._col1)"]
                        |  keys:KEY._col0 (type: string), KEY._col1 (type: string)
                        |  outputColumnNames:["_col0","_col1","_col2","_col3"]
                        |  Statistics:Num rows: 139755 Data size: 200727046 Basic stats: COMPLETE Column stats: NONE
                        |<-Reducer 4 [SIMPLE_EDGE]
                           Reduce Output Operator [RS_24]
                              key expressions:_col0 (type: string), _col1 (type: string)
                              Map-reduce partition columns:_col0 (type: string), _col1 (type: string)
                              sort order:++
                              Statistics:Num rows: 279510 Data size: 401454092 Basic stats: COMPLETE Column stats: NONE
                              value expressions:_col2 (type: bigint), _col3 (type: bigint)
                              Group By Operator [GBY_23]
                                 aggregations:["sum(_col2)","sum(_col3)"]
                                 keys:_col0 (type: string), _col1 (type: string)
                                 outputColumnNames:["_col0","_col1","_col2","_col3"]
                                 Statistics:Num rows: 279510 Data size: 401454092 Basic stats: COMPLETE Column stats: NONE
                                 Select Operator [SEL_21]
                                    outputColumnNames:["_col0","_col1","_col2","_col3"]
                                    Statistics:Num rows: 279510 Data size: 401454092 Basic stats: COMPLETE Column stats: NONE
                                    Merge Join Operator [MERGEJOIN_47]
                                    |  condition map:[{"":"Inner Join 0 to 1"}]
                                    |  keys:{"0":"_col0 (type: int)","1":"_col0 (type: int)"}
                                    |  outputColumnNames:["_col3","_col5","_col7","_col10"]
                                    |  Statistics:Num rows: 279510 Data size: 401454092 Basic stats: COMPLETE Column stats: NONE
                                    |<-Map 9 [SIMPLE_EDGE]
                                    |  Reduce Output Operator [RS_19]
                                    |     key expressions:_col0 (type: int)
                                    |     Map-reduce partition columns:_col0 (type: int)
                                    |     sort order:+
                                    |     Statistics:Num rows: 36524 Data size: 40870356 Basic stats: COMPLETE Column stats: NONE
                                    |     value expressions:_col1 (type: string)
                                    |     Select Operator [SEL_11]
                                    |        outputColumnNames:["_col0","_col1"]
                                    |        Statistics:Num rows: 36524 Data size: 40870356 Basic stats: COMPLETE Column stats: NONE
                                    |        Filter Operator [FIL_44]
                                    |           predicate:(d_date BETWEEN '1998-03-09' AND '1998-05-07' and d_date_sk is not null) (type: boolean)
                                    |           Statistics:Num rows: 36524 Data size: 40870356 Basic stats: COMPLETE Column stats: NONE
                                    |           TableScan [TS_9]
                                    |              alias:date_dim
                                    |              Statistics:Num rows: 73049 Data size: 81741831 Basic stats: COMPLETE Column stats: NONE
                                    |<-Reducer 3 [SIMPLE_EDGE]
                                       Reduce Output Operator [RS_18]
                                          key expressions:_col0 (type: int)
                                          Map-reduce partition columns:_col0 (type: int)
                                          sort order:+
                                          Statistics:Num rows: 254100 Data size: 364958258 Basic stats: COMPLETE Column stats: NONE
                                          value expressions:_col3 (type: int), _col5 (type: string), _col7 (type: string)
                                          Merge Join Operator [MERGEJOIN_46]
                                          |  condition map:[{"":"Inner Join 0 to 1"}]
                                          |  keys:{"0":"_col1 (type: int)","1":"_col0 (type: int)"}
                                          |  outputColumnNames:["_col0","_col3","_col5","_col7"]
                                          |  Statistics:Num rows: 254100 Data size: 364958258 Basic stats: COMPLETE Column stats: NONE
                                          |<-Map 8 [SIMPLE_EDGE]
                                          |  Reduce Output Operator [RS_16]
                                          |     key expressions:_col0 (type: int)
                                          |     Map-reduce partition columns:_col0 (type: int)
                                          |     sort order:+
                                          |     Statistics:Num rows: 231000 Data size: 331780228 Basic stats: COMPLETE Column stats: NONE
                                          |     value expressions:_col1 (type: string)
                                          |     Select Operator [SEL_8]
                                          |        outputColumnNames:["_col0","_col1"]
                                          |        Statistics:Num rows: 231000 Data size: 331780228 Basic stats: COMPLETE Column stats: NONE
                                          |        Filter Operator [FIL_43]
                                          |           predicate:(i_current_price BETWEEN 0.99 AND 1.49 and i_item_sk is not null) (type: boolean)
                                          |           Statistics:Num rows: 231000 Data size: 331780228 Basic stats: COMPLETE Column stats: NONE
                                          |           TableScan [TS_6]
                                          |              alias:item
                                          |              Statistics:Num rows: 462000 Data size: 663560457 Basic stats: COMPLETE Column stats: NONE
                                          |<-Reducer 2 [SIMPLE_EDGE]
                                             Reduce Output Operator [RS_15]
                                                key expressions:_col1 (type: int)
                                                Map-reduce partition columns:_col1 (type: int)
                                                sort order:+
                                                Statistics:Num rows: 29 Data size: 30582 Basic stats: COMPLETE Column stats: NONE
                                                value expressions:_col0 (type: int), _col3 (type: int), _col5 (type: string)
                                                Merge Join Operator [MERGEJOIN_45]
                                                |  condition map:[{"":"Inner Join 0 to 1"}]
                                                |  keys:{"0":"_col2 (type: int)","1":"_col0 (type: int)"}
                                                |  outputColumnNames:["_col0","_col1","_col3","_col5"]
                                                |  Statistics:Num rows: 29 Data size: 30582 Basic stats: COMPLETE Column stats: NONE
                                                |<-Map 1 [SIMPLE_EDGE]
                                                |  Reduce Output Operator [RS_12]
                                                |     key expressions:_col2 (type: int)
                                                |     Map-reduce partition columns:_col2 (type: int)
                                                |     sort order:+
                                                |     Statistics:Num rows: 1 Data size: 0 Basic stats: PARTIAL Column stats: NONE
                                                |     value expressions:_col0 (type: int), _col1 (type: int), _col3 (type: int)
                                                |     Select Operator [SEL_2]
                                                |        outputColumnNames:["_col0","_col1","_col2","_col3"]
                                                |        Statistics:Num rows: 1 Data size: 0 Basic stats: PARTIAL Column stats: NONE
                                                |        Filter Operator [FIL_41]
                                                |           predicate:((inv_warehouse_sk is not null and inv_item_sk is not null) and inv_date_sk is not null) (type: boolean)
                                                |           Statistics:Num rows: 1 Data size: 0 Basic stats: PARTIAL Column stats: NONE
                                                |           TableScan [TS_0]
                                                |              alias:inventory
                                                |              Statistics:Num rows: 1 Data size: 0 Basic stats: PARTIAL Column stats: NONE
                                                |<-Map 7 [SIMPLE_EDGE]
                                                   Reduce Output Operator [RS_13]
                                                      key expressions:_col0 (type: int)
                                                      Map-reduce partition columns:_col0 (type: int)
                                                      sort order:+
                                                      Statistics:Num rows: 27 Data size: 27802 Basic stats: COMPLETE Column stats: NONE
                                                      value expressions:_col1 (type: string)
                                                      Select Operator [SEL_5]
                                                         outputColumnNames:["_col0","_col1"]
                                                         Statistics:Num rows: 27 Data size: 27802 Basic stats: COMPLETE Column stats: NONE
                                                         Filter Operator [FIL_42]
                                                            predicate:w_warehouse_sk is not null (type: boolean)
                                                            Statistics:Num rows: 27 Data size: 27802 Basic stats: COMPLETE Column stats: NONE
                                                            TableScan [TS_3]
                                                               alias:warehouse
                                                               Statistics:Num rows: 27 Data size: 27802 Basic stats: COMPLETE Column stats: NONE

