PREHOOK: query: explain 
select  
   s_store_name
  ,s_company_id
  ,s_street_number
  ,s_street_name
  ,s_street_type
  ,s_suite_number
  ,s_city
  ,s_county
  ,s_state
  ,s_zip
  ,sum(case when (sr_returned_date_sk - ss_sold_date_sk <= 30 ) then 1 else 0 end)  as 30days 
  ,sum(case when (sr_returned_date_sk - ss_sold_date_sk > 30) and 
                 (sr_returned_date_sk - ss_sold_date_sk <= 60) then 1 else 0 end )  as 3160days 
  ,sum(case when (sr_returned_date_sk - ss_sold_date_sk > 60) and 
                 (sr_returned_date_sk - ss_sold_date_sk <= 90) then 1 else 0 end)  as 6190days 
  ,sum(case when (sr_returned_date_sk - ss_sold_date_sk > 90) and
                 (sr_returned_date_sk - ss_sold_date_sk <= 120) then 1 else 0 end)  as 91120days 
  ,sum(case when (sr_returned_date_sk - ss_sold_date_sk  > 120) then 1 else 0 end)  as 120days 
from
   store_sales
  ,store_returns
  ,store
  ,date_dim d1
  ,date_dim d2
where
    d2.d_year = 2000
and d2.d_moy  = 9
and store_sales.ss_ticket_number = store_returns.sr_ticket_number
and store_sales.ss_item_sk = store_returns.sr_item_sk
and store_sales.ss_sold_date_sk   = d1.d_date_sk
and sr_returned_date_sk   = d2.d_date_sk
and store_sales.ss_customer_sk = store_returns.sr_customer_sk
and store_sales.ss_store_sk = store.s_store_sk
group by
   s_store_name
  ,s_company_id
  ,s_street_number
  ,s_street_name
  ,s_street_type
  ,s_suite_number
  ,s_city
  ,s_county
  ,s_state
  ,s_zip
order by s_store_name
        ,s_company_id
        ,s_street_number
        ,s_street_name
        ,s_street_type
        ,s_suite_number
        ,s_city
        ,s_county
        ,s_state
        ,s_zip
limit 100
PREHOOK: type: QUERY
POSTHOOK: query: explain 
select  
   s_store_name
  ,s_company_id
  ,s_street_number
  ,s_street_name
  ,s_street_type
  ,s_suite_number
  ,s_city
  ,s_county
  ,s_state
  ,s_zip
  ,sum(case when (sr_returned_date_sk - ss_sold_date_sk <= 30 ) then 1 else 0 end)  as 30days 
  ,sum(case when (sr_returned_date_sk - ss_sold_date_sk > 30) and 
                 (sr_returned_date_sk - ss_sold_date_sk <= 60) then 1 else 0 end )  as 3160days 
  ,sum(case when (sr_returned_date_sk - ss_sold_date_sk > 60) and 
                 (sr_returned_date_sk - ss_sold_date_sk <= 90) then 1 else 0 end)  as 6190days 
  ,sum(case when (sr_returned_date_sk - ss_sold_date_sk > 90) and
                 (sr_returned_date_sk - ss_sold_date_sk <= 120) then 1 else 0 end)  as 91120days 
  ,sum(case when (sr_returned_date_sk - ss_sold_date_sk  > 120) then 1 else 0 end)  as 120days 
from
   store_sales
  ,store_returns
  ,store
  ,date_dim d1
  ,date_dim d2
where
    d2.d_year = 2000
and d2.d_moy  = 9
and store_sales.ss_ticket_number = store_returns.sr_ticket_number
and store_sales.ss_item_sk = store_returns.sr_item_sk
and store_sales.ss_sold_date_sk   = d1.d_date_sk
and sr_returned_date_sk   = d2.d_date_sk
and store_sales.ss_customer_sk = store_returns.sr_customer_sk
and store_sales.ss_store_sk = store.s_store_sk
group by
   s_store_name
  ,s_company_id
  ,s_street_number
  ,s_street_name
  ,s_street_type
  ,s_suite_number
  ,s_city
  ,s_county
  ,s_state
  ,s_zip
order by s_store_name
        ,s_company_id
        ,s_street_number
        ,s_street_name
        ,s_street_type
        ,s_suite_number
        ,s_city
        ,s_county
        ,s_state
        ,s_zip
limit 100
POSTHOOK: type: QUERY
Plan optimized by CBO.

Vertex dependency in root stage
Reducer 2 <- Map 1 (SIMPLE_EDGE), Map 8 (SIMPLE_EDGE)
Reducer 3 <- Map 9 (SIMPLE_EDGE), Reducer 2 (SIMPLE_EDGE)
Reducer 4 <- Map 10 (SIMPLE_EDGE), Reducer 3 (SIMPLE_EDGE)
Reducer 5 <- Map 11 (SIMPLE_EDGE), Reducer 4 (SIMPLE_EDGE)
Reducer 6 <- Reducer 5 (SIMPLE_EDGE)
Reducer 7 <- Reducer 6 (SIMPLE_EDGE)

Stage-0
   Fetch Operator
      limit:100
      Stage-1
         Reducer 7
         File Output Operator [FS_36]
            compressed:false
            Statistics:Num rows: 100 Data size: 111900 Basic stats: COMPLETE Column stats: NONE
            table:{"input format:":"org.apache.hadoop.mapred.TextInputFormat","output format:":"org.apache.hadoop.hive.ql.io.HiveIgnoreKeyTextOutputFormat","serde:":"org.apache.hadoop.hive.serde2.lazy.LazySimpleSerDe"}
            Limit [LIM_35]
               Number of rows:100
               Statistics:Num rows: 100 Data size: 111900 Basic stats: COMPLETE Column stats: NONE
               Select Operator [SEL_34]
               |  outputColumnNames:["_col0","_col1","_col2","_col3","_col4","_col5","_col6","_col7","_col8","_col9","_col10","_col11","_col12","_col13","_col14"]
               |  Statistics:Num rows: 44194 Data size: 49453809 Basic stats: COMPLETE Column stats: NONE
               |<-Reducer 6 [SIMPLE_EDGE]
                  Reduce Output Operator [RS_33]
                     key expressions:_col0 (type: string), _col1 (type: int), _col2 (type: string), _col3 (type: string), _col4 (type: string), _col5 (type: string), _col6 (type: string), _col7 (type: string), _col8 (type: string), _col9 (type: string)
                     sort order:++++++++++
                     Statistics:Num rows: 44194 Data size: 49453809 Basic stats: COMPLETE Column stats: NONE
                     value expressions:_col10 (type: bigint), _col11 (type: bigint), _col12 (type: bigint), _col13 (type: bigint), _col14 (type: bigint)
                     Group By Operator [GBY_31]
                     |  aggregations:["sum(VALUE._col0)","sum(VALUE._col1)","sum(VALUE._col2)","sum(VALUE._col3)","sum(VALUE._col4)"]
                     |  keys:KEY._col0 (type: string), KEY._col1 (type: int), KEY._col2 (type: string), KEY._col3 (type: string), KEY._col4 (type: string), KEY._col5 (type: string), KEY._col6 (type: string), KEY._col7 (type: string), KEY._col8 (type: string), KEY._col9 (type: string)
                     |  outputColumnNames:["_col0","_col1","_col2","_col3","_col4","_col5","_col6","_col7","_col8","_col9","_col10","_col11","_col12","_col13","_col14"]
                     |  Statistics:Num rows: 44194 Data size: 49453809 Basic stats: COMPLETE Column stats: NONE
                     |<-Reducer 5 [SIMPLE_EDGE]
                        Reduce Output Operator [RS_30]
                           key expressions:_col0 (type: string), _col1 (type: int), _col2 (type: string), _col3 (type: string), _col4 (type: string), _col5 (type: string), _col6 (type: string), _col7 (type: string), _col8 (type: string), _col9 (type: string)
                           Map-reduce partition columns:_col0 (type: string), _col1 (type: int), _col2 (type: string), _col3 (type: string), _col4 (type: string), _col5 (type: string), _col6 (type: string), _col7 (type: string), _col8 (type: string), _col9 (type: string)
                           sort order:++++++++++
                           Statistics:Num rows: 88388 Data size: 98907619 Basic stats: COMPLETE Column stats: NONE
                           value expressions:_col10 (type: bigint), _col11 (type: bigint), _col12 (type: bigint), _col13 (type: bigint), _col14 (type: bigint)
                           Group By Operator [GBY_29]
                              aggregations:["sum(_col10)","sum(_col11)","sum(_col12)","sum(_col13)","sum(_col14)"]
                              keys:_col0 (type: string), _col1 (type: int), _col2 (type: string), _col3 (type: string), _col4 (type: string), _col5 (type: string), _col6 (type: string), _col7 (type: string), _col8 (type: string), _col9 (type: string)
                              outputColumnNames:["_col0","_col1","_col2","_col3","_col4","_col5","_col6","_col7","_col8","_col9","_col10","_col11","_col12","_col13","_col14"]
                              Statistics:Num rows: 88388 Data size: 98907619 Basic stats: COMPLETE Column stats: NONE
                              Select Operator [SEL_27]
                                 outputColumnNames:["_col0","_col1","_col2","_col3","_col4","_col5","_col6","_col7","_col8","_col9","_col10","_col11","_col12","_col13","_col14"]
                                 Statistics:Num rows: 88388 Data size: 98907619 Basic stats: COMPLETE Column stats: NONE
                                 Merge Join Operator [MERGEJOIN_59]
                                 |  condition map:[{"":"Inner Join 0 to 1"}]
                                 |  keys:{"0":"_col5 (type: int)","1":"_col0 (type: int)"}
                                 |  outputColumnNames:["_col0","_col5","_col10","_col11","_col12","_col13","_col14","_col15","_col16","_col17","_col18","_col19"]
                                 |  Statistics:Num rows: 88388 Data size: 98907619 Basic stats: COMPLETE Column stats: NONE
                                 |<-Map 11 [SIMPLE_EDGE]
                                 |  Reduce Output Operator [RS_25]
                                 |     key expressions:_col0 (type: int)
                                 |     Map-reduce partition columns:_col0 (type: int)
                                 |     sort order:+
                                 |     Statistics:Num rows: 18262 Data size: 20435178 Basic stats: COMPLETE Column stats: NONE
                                 |     Select Operator [SEL_14]
                                 |        outputColumnNames:["_col0"]
                                 |        Statistics:Num rows: 18262 Data size: 20435178 Basic stats: COMPLETE Column stats: NONE
                                 |        Filter Operator [FIL_55]
                                 |           predicate:(((d_year = 2000) and (d_moy = 9)) and d_date_sk is not null) (type: boolean)
                                 |           Statistics:Num rows: 18262 Data size: 20435178 Basic stats: COMPLETE Column stats: NONE
                                 |           TableScan [TS_12]
                                 |              alias:d1
                                 |              Statistics:Num rows: 73049 Data size: 81741831 Basic stats: COMPLETE Column stats: NONE
                                 |<-Reducer 4 [SIMPLE_EDGE]
                                    Reduce Output Operator [RS_24]
                                       key expressions:_col5 (type: int)
                                       Map-reduce partition columns:_col5 (type: int)
                                       sort order:+
                                       Statistics:Num rows: 80353 Data size: 89916016 Basic stats: COMPLETE Column stats: NONE
                                       value expressions:_col0 (type: int), _col10 (type: string), _col11 (type: int), _col12 (type: string), _col13 (type: string), _col14 (type: string), _col15 (type: string), _col16 (type: string), _col17 (type: string), _col18 (type: string), _col19 (type: string)
                                       Merge Join Operator [MERGEJOIN_58]
                                       |  condition map:[{"":"Inner Join 0 to 1"}]
                                       |  keys:{"0":"_col0 (type: int)","1":"_col0 (type: int)"}
                                       |  outputColumnNames:["_col0","_col5","_col10","_col11","_col12","_col13","_col14","_col15","_col16","_col17","_col18","_col19"]
                                       |  Statistics:Num rows: 80353 Data size: 89916016 Basic stats: COMPLETE Column stats: NONE
                                       |<-Map 10 [SIMPLE_EDGE]
                                       |  Reduce Output Operator [RS_22]
                                       |     key expressions:_col0 (type: int)
                                       |     Map-reduce partition columns:_col0 (type: int)
                                       |     sort order:+
                                       |     Statistics:Num rows: 73049 Data size: 81741831 Basic stats: COMPLETE Column stats: NONE
                                       |     Select Operator [SEL_11]
                                       |        outputColumnNames:["_col0"]
                                       |        Statistics:Num rows: 73049 Data size: 81741831 Basic stats: COMPLETE Column stats: NONE
                                       |        Filter Operator [FIL_54]
                                       |           predicate:d_date_sk is not null (type: boolean)
                                       |           Statistics:Num rows: 73049 Data size: 81741831 Basic stats: COMPLETE Column stats: NONE
                                       |           TableScan [TS_9]
                                       |              alias:d1
                                       |              Statistics:Num rows: 73049 Data size: 81741831 Basic stats: COMPLETE Column stats: NONE
                                       |<-Reducer 3 [SIMPLE_EDGE]
                                          Reduce Output Operator [RS_21]
                                             key expressions:_col0 (type: int)
                                             Map-reduce partition columns:_col0 (type: int)
                                             sort order:+
                                             Statistics:Num rows: 1874 Data size: 3581903 Basic stats: COMPLETE Column stats: NONE
                                             value expressions:_col5 (type: int), _col10 (type: string), _col11 (type: int), _col12 (type: string), _col13 (type: string), _col14 (type: string), _col15 (type: string), _col16 (type: string), _col17 (type: string), _col18 (type: string), _col19 (type: string)
                                             Merge Join Operator [MERGEJOIN_57]
                                             |  condition map:[{"":"Inner Join 0 to 1"}]
                                             |  keys:{"0":"_col3 (type: int)","1":"_col0 (type: int)"}
                                             |  outputColumnNames:["_col0","_col5","_col10","_col11","_col12","_col13","_col14","_col15","_col16","_col17","_col18","_col19"]
                                             |  Statistics:Num rows: 1874 Data size: 3581903 Basic stats: COMPLETE Column stats: NONE
                                             |<-Map 9 [SIMPLE_EDGE]
                                             |  Reduce Output Operator [RS_19]
                                             |     key expressions:_col0 (type: int)
                                             |     Map-reduce partition columns:_col0 (type: int)
                                             |     sort order:+
                                             |     Statistics:Num rows: 1704 Data size: 3256276 Basic stats: COMPLETE Column stats: NONE
                                             |     value expressions:_col1 (type: string), _col2 (type: int), _col3 (type: string), _col4 (type: string), _col5 (type: string), _col6 (type: string), _col7 (type: string), _col8 (type: string), _col9 (type: string), _col10 (type: string)
                                             |     Select Operator [SEL_8]
                                             |        outputColumnNames:["_col0","_col1","_col2","_col3","_col4","_col5","_col6","_col7","_col8","_col9","_col10"]
                                             |        Statistics:Num rows: 1704 Data size: 3256276 Basic stats: COMPLETE Column stats: NONE
                                             |        Filter Operator [FIL_53]
                                             |           predicate:s_store_sk is not null (type: boolean)
                                             |           Statistics:Num rows: 1704 Data size: 3256276 Basic stats: COMPLETE Column stats: NONE
                                             |           TableScan [TS_6]
                                             |              alias:store
                                             |              Statistics:Num rows: 1704 Data size: 3256276 Basic stats: COMPLETE Column stats: NONE
                                             |<-Reducer 2 [SIMPLE_EDGE]
                                                Reduce Output Operator [RS_18]
                                                   key expressions:_col3 (type: int)
                                                   Map-reduce partition columns:_col3 (type: int)
                                                   sort order:+
                                                   Statistics:Num rows: 1 Data size: 0 Basic stats: PARTIAL Column stats: NONE
                                                   value expressions:_col0 (type: int), _col5 (type: int)
                                                   Merge Join Operator [MERGEJOIN_56]
                                                   |  condition map:[{"":"Inner Join 0 to 1"}]
                                                   |  keys:{"0":"_col4 (type: int), _col1 (type: int), _col2 (type: int)","1":"_col3 (type: int), _col1 (type: int), _col2 (type: int)"}
                                                   |  outputColumnNames:["_col0","_col3","_col5"]
                                                   |  Statistics:Num rows: 1 Data size: 0 Basic stats: PARTIAL Column stats: NONE
                                                   |<-Map 1 [SIMPLE_EDGE]
                                                   |  Reduce Output Operator [RS_15]
                                                   |     key expressions:_col4 (type: int), _col1 (type: int), _col2 (type: int)
                                                   |     Map-reduce partition columns:_col4 (type: int), _col1 (type: int), _col2 (type: int)
                                                   |     sort order:+++
                                                   |     Statistics:Num rows: 1 Data size: 0 Basic stats: PARTIAL Column stats: NONE
                                                   |     value expressions:_col0 (type: int), _col3 (type: int)
                                                   |     Select Operator [SEL_2]
                                                   |        outputColumnNames:["_col0","_col1","_col2","_col3","_col4"]
                                                   |        Statistics:Num rows: 1 Data size: 0 Basic stats: PARTIAL Column stats: NONE
                                                   |        Filter Operator [FIL_51]
                                                   |           predicate:((((ss_item_sk is not null and ss_customer_sk is not null) and ss_ticket_number is not null) and ss_store_sk is not null) and ss_sold_date_sk is not null) (type: boolean)
                                                   |           Statistics:Num rows: 1 Data size: 0 Basic stats: PARTIAL Column stats: NONE
                                                   |           TableScan [TS_0]
                                                   |              alias:store_sales
                                                   |              Statistics:Num rows: 1 Data size: 0 Basic stats: PARTIAL Column stats: NONE
                                                   |<-Map 8 [SIMPLE_EDGE]
                                                      Reduce Output Operator [RS_16]
                                                         key expressions:_col3 (type: int), _col1 (type: int), _col2 (type: int)
                                                         Map-reduce partition columns:_col3 (type: int), _col1 (type: int), _col2 (type: int)
                                                         sort order:+++
                                                         Statistics:Num rows: 1 Data size: 0 Basic stats: PARTIAL Column stats: NONE
                                                         value expressions:_col0 (type: int)
                                                         Select Operator [SEL_5]
                                                            outputColumnNames:["_col0","_col1","_col2","_col3"]
                                                            Statistics:Num rows: 1 Data size: 0 Basic stats: PARTIAL Column stats: NONE
                                                            Filter Operator [FIL_52]
                                                               predicate:(((sr_item_sk is not null and sr_customer_sk is not null) and sr_ticket_number is not null) and sr_returned_date_sk is not null) (type: boolean)
                                                               Statistics:Num rows: 1 Data size: 0 Basic stats: PARTIAL Column stats: NONE
                                                               TableScan [TS_3]
                                                                  alias:store_returns
                                                                  Statistics:Num rows: 1 Data size: 0 Basic stats: PARTIAL Column stats: NONE

