PREHOOK: query: explain select i_item_desc ,i_category ,i_class ,i_current_price ,i_item_id ,sum(ws_ext_sales_price) as itemrevenue ,sum(ws_ext_sales_price)*100/sum(sum(ws_ext_sales_price)) over (partition by i_class) as revenueratio from web_sales ,item ,date_dim where web_sales.ws_item_sk = item.i_item_sk and item.i_category in ('Jewelry', 'Sports', 'Books') and web_sales.ws_sold_date_sk = date_dim.d_date_sk and date_dim.d_date between '2001-01-12' and '2001-02-11' group by i_item_id ,i_item_desc ,i_category ,i_class ,i_current_price order by i_category ,i_class ,i_item_id ,i_item_desc ,revenueratio limit 100
PREHOOK: type: QUERY
POSTHOOK: query: explain select i_item_desc ,i_category ,i_class ,i_current_price ,i_item_id ,sum(ws_ext_sales_price) as itemrevenue ,sum(ws_ext_sales_price)*100/sum(sum(ws_ext_sales_price)) over (partition by i_class) as revenueratio from web_sales ,item ,date_dim where web_sales.ws_item_sk = item.i_item_sk and item.i_category in ('Jewelry', 'Sports', 'Books') and web_sales.ws_sold_date_sk = date_dim.d_date_sk and date_dim.d_date between '2001-01-12' and '2001-02-11' group by i_item_id ,i_item_desc ,i_category ,i_class ,i_current_price order by i_category ,i_class ,i_item_id ,i_item_desc ,revenueratio limit 100
POSTHOOK: type: QUERY
Plan not optimized by CBO.

Vertex dependency in root stage
Reducer 2 <- Map 1 (SIMPLE_EDGE), Map 7 (SIMPLE_EDGE)
Reducer 3 <- Map 8 (SIMPLE_EDGE), Reducer 2 (SIMPLE_EDGE)
Reducer 4 <- Reducer 3 (SIMPLE_EDGE)
Reducer 5 <- Reducer 4 (SIMPLE_EDGE)
Reducer 6 <- Reducer 5 (SIMPLE_EDGE)

Stage-0
   Fetch Operator
      limit:100
      Stage-1
         Reducer 6
         File Output Operator [FS_26]
            compressed:false
            Statistics:Num rows: 100 Data size: 143600 Basic stats: COMPLETE Column stats: NONE
            table:{"input format:":"org.apache.hadoop.mapred.TextInputFormat","output format:":"org.apache.hadoop.hive.ql.io.HiveIgnoreKeyTextOutputFormat","serde:":"org.apache.hadoop.hive.serde2.lazy.LazySimpleSerDe"}
            Limit [LIM_25]
               Number of rows:100
               Statistics:Num rows: 100 Data size: 143600 Basic stats: COMPLETE Column stats: NONE
               Select Operator [SEL_24]
               |  outputColumnNames:["_col0","_col1","_col2","_col3","_col4","_col5","_col6"]
               |  Statistics:Num rows: 34938 Data size: 50180683 Basic stats: COMPLETE Column stats: NONE
               |<-Reducer 5 [SIMPLE_EDGE]
                  Reduce Output Operator [RS_23]
                     key expressions:_col1 (type: string), _col2 (type: string), _col4 (type: string), _col0 (type: string), _col6 (type: decimal(38,23))
                     sort order:+++++
                     Statistics:Num rows: 34938 Data size: 50180683 Basic stats: COMPLETE Column stats: NONE
                     value expressions:_col3 (type: decimal(7,2)), _col5 (type: decimal(17,2))
                     Select Operator [SEL_21]
                        outputColumnNames:["_col0","_col1","_col2","_col3","_col4","_col5","_col6"]
                        Statistics:Num rows: 34938 Data size: 50180683 Basic stats: COMPLETE Column stats: NONE
                        PTF Operator [PTF_20]
                           Function definitions:[{"Input definition":{"type:":"WINDOWING"}},{"name:":"windowingtablefunction","order by:":"_col3","partition by:":"_col3"}]
                           Statistics:Num rows: 34938 Data size: 50180683 Basic stats: COMPLETE Column stats: NONE
                           Select Operator [SEL_19]
                           |  outputColumnNames:["_col0","_col1","_col2","_col3","_col4","_col5"]
                           |  Statistics:Num rows: 34938 Data size: 50180683 Basic stats: COMPLETE Column stats: NONE
                           |<-Reducer 4 [SIMPLE_EDGE]
                              Reduce Output Operator [RS_18]
                                 key expressions:_col3 (type: string)
                                 Map-reduce partition columns:_col3 (type: string)
                                 sort order:+
                                 Statistics:Num rows: 34938 Data size: 50180683 Basic stats: COMPLETE Column stats: NONE
                                 value expressions:_col0 (type: string), _col1 (type: string), _col2 (type: string), _col4 (type: decimal(7,2)), _col5 (type: decimal(17,2))
                                 Group By Operator [GBY_17]
                                 |  aggregations:["sum(VALUE._col0)"]
                                 |  keys:KEY._col0 (type: string), KEY._col1 (type: string), KEY._col2 (type: string), KEY._col3 (type: string), KEY._col4 (type: decimal(7,2))
                                 |  outputColumnNames:["_col0","_col1","_col2","_col3","_col4","_col5"]
                                 |  Statistics:Num rows: 34938 Data size: 50180683 Basic stats: COMPLETE Column stats: NONE
                                 |<-Reducer 3 [SIMPLE_EDGE]
                                    Reduce Output Operator [RS_16]
                                       key expressions:_col0 (type: string), _col1 (type: string), _col2 (type: string), _col3 (type: string), _col4 (type: decimal(7,2))
                                       Map-reduce partition columns:_col0 (type: string), _col1 (type: string), _col2 (type: string), _col3 (type: string), _col4 (type: decimal(7,2))
                                       sort order:+++++
                                       Statistics:Num rows: 69877 Data size: 100362804 Basic stats: COMPLETE Column stats: NONE
                                       value expressions:_col5 (type: decimal(17,2))
                                       Group By Operator [GBY_15]
                                          aggregations:["sum(_col23)"]
                                          keys:_col38 (type: string), _col41 (type: string), _col49 (type: string), _col47 (type: string), _col42 (type: decimal(7,2))
                                          outputColumnNames:["_col0","_col1","_col2","_col3","_col4","_col5"]
                                          Statistics:Num rows: 69877 Data size: 100362804 Basic stats: COMPLETE Column stats: NONE
                                          Select Operator [SEL_14]
                                             outputColumnNames:["_col38","_col41","_col49","_col47","_col42","_col23"]
                                             Statistics:Num rows: 69877 Data size: 100362804 Basic stats: COMPLETE Column stats: NONE
                                             Filter Operator [FIL_32]
                                                predicate:((_col3 = _col37) and (_col0 = _col62)) (type: boolean)
                                                Statistics:Num rows: 69877 Data size: 100362804 Basic stats: COMPLETE Column stats: NONE
                                                Merge Join Operator [MERGEJOIN_37]
                                                |  condition map:[{"":"Inner Join 0 to 1"}]
                                                |  keys:{"0":"_col0 (type: int)","1":"d_date_sk (type: int)"}
                                                |  outputColumnNames:["_col0","_col3","_col23","_col37","_col38","_col41","_col42","_col47","_col49","_col62"]
                                                |  Statistics:Num rows: 279510 Data size: 401454092 Basic stats: COMPLETE Column stats: NONE
                                                |<-Map 8 [SIMPLE_EDGE]
                                                |  Reduce Output Operator [RS_11]
                                                |     key expressions:d_date_sk (type: int)
                                                |     Map-reduce partition columns:d_date_sk (type: int)
                                                |     sort order:+
                                                |     Statistics:Num rows: 36524 Data size: 40870356 Basic stats: COMPLETE Column stats: NONE
                                                |     Filter Operator [FIL_35]
                                                |        predicate:(d_date_sk is not null and d_date BETWEEN '2001-01-12' AND '2001-02-11') (type: boolean)
                                                |        Statistics:Num rows: 36524 Data size: 40870356 Basic stats: COMPLETE Column stats: NONE
                                                |        TableScan [TS_2]
                                                |           alias:date_dim
                                                |           Statistics:Num rows: 73049 Data size: 81741831 Basic stats: COMPLETE Column stats: NONE
                                                |<-Reducer 2 [SIMPLE_EDGE]
                                                   Reduce Output Operator [RS_9]
                                                      key expressions:_col0 (type: int)
                                                      Map-reduce partition columns:_col0 (type: int)
                                                      sort order:+
                                                      Statistics:Num rows: 254100 Data size: 364958258 Basic stats: COMPLETE Column stats: NONE
                                                      value expressions:_col3 (type: int), _col23 (type: decimal(7,2)), _col37 (type: int), _col38 (type: string), _col41 (type: string), _col42 (type: decimal(7,2)), _col47 (type: string), _col49 (type: string)
                                                      Merge Join Operator [MERGEJOIN_36]
                                                      |  condition map:[{"":"Inner Join 0 to 1"}]
                                                      |  keys:{"0":"ws_item_sk (type: int)","1":"i_item_sk (type: int)"}
                                                      |  outputColumnNames:["_col0","_col3","_col23","_col37","_col38","_col41","_col42","_col47","_col49"]
                                                      |  Statistics:Num rows: 254100 Data size: 364958258 Basic stats: COMPLETE Column stats: NONE
                                                      |<-Map 1 [SIMPLE_EDGE]
                                                      |  Reduce Output Operator [RS_4]
                                                      |     key expressions:ws_item_sk (type: int)
                                                      |     Map-reduce partition columns:ws_item_sk (type: int)
                                                      |     sort order:+
                                                      |     Statistics:Num rows: 1 Data size: 0 Basic stats: PARTIAL Column stats: NONE
                                                      |     value expressions:ws_sold_date_sk (type: int), ws_ext_sales_price (type: decimal(7,2))
                                                      |     Filter Operator [FIL_33]
                                                      |        predicate:(ws_item_sk is not null and ws_sold_date_sk is not null) (type: boolean)
                                                      |        Statistics:Num rows: 1 Data size: 0 Basic stats: PARTIAL Column stats: NONE
                                                      |        TableScan [TS_0]
                                                      |           alias:web_sales
                                                      |           Statistics:Num rows: 1 Data size: 0 Basic stats: PARTIAL Column stats: NONE
                                                      |<-Map 7 [SIMPLE_EDGE]
                                                         Reduce Output Operator [RS_6]
                                                            key expressions:i_item_sk (type: int)
                                                            Map-reduce partition columns:i_item_sk (type: int)
                                                            sort order:+
                                                            Statistics:Num rows: 231000 Data size: 331780228 Basic stats: COMPLETE Column stats: NONE
                                                            value expressions:i_item_id (type: string), i_item_desc (type: string), i_current_price (type: decimal(7,2)), i_class (type: string), i_category (type: string)
                                                            Filter Operator [FIL_34]
                                                               predicate:(i_item_sk is not null and (i_category) IN ('Jewelry', 'Sports', 'Books')) (type: boolean)
                                                               Statistics:Num rows: 231000 Data size: 331780228 Basic stats: COMPLETE Column stats: NONE
                                                               TableScan [TS_1]
                                                                  alias:item
                                                                  Statistics:Num rows: 462000 Data size: 663560457 Basic stats: COMPLETE Column stats: NONE

