PREHOOK: query: DROP VIEW xxx4
PREHOOK: type: DROPVIEW
POSTHOOK: query: DROP VIEW xxx4
POSTHOOK: type: DROPVIEW
PREHOOK: query: CREATE VIEW xxx4 
PARTITIONED ON (value)
AS 
SELECT * FROM src
PREHOOK: type: CREATEVIEW
PREHOOK: Output: file:/var/folders/7P/7PeC14kXFIWq0PIYyexGbmKuXUk/-Tmp-/jsichi/hive_2011-02-10_12-58-02_930_3490345072474460874/-mr-10000
POSTHOOK: query: CREATE VIEW xxx4 
PARTITIONED ON (value)
AS 
SELECT * FROM src
POSTHOOK: type: CREATEVIEW
POSTHOOK: Output: default@xxx4
POSTHOOK: Output: file:/var/folders/7P/7PeC14kXFIWq0PIYyexGbmKuXUk/-Tmp-/jsichi/hive_2011-02-10_12-58-02_930_3490345072474460874/-mr-10000
PREHOOK: query: -- should fail:  need to use ALTER VIEW, not ALTER TABLE
ALTER TABLE xxx4 ADD PARTITION (value='val_86')
PREHOOK: type: QUERY
PREHOOK: Input: default@src
PREHOOK: Input: default@xxx4
FAILED: Error in metadata: Cannot alter a view with ALTER TABLE
FAILED: Execution Error, return code 1 from org.apache.hadoop.hive.ql.exec.DDLTask
