FAILED: Error in semantic analysis: Sampling Expression Needed for Non-Bucketed Table srcpart
