PREHOOK: query: CREATE TABLE srcbucket_mapjoin_part (key int, value string) 
  partitioned by (ds string) CLUSTERED BY (key) INTO 3 BUCKETS
  STORED AS TEXTFILE
PREHOOK: type: CREATETABLE
PREHOOK: Output: database:default
PREHOOK: Output: default@srcbucket_mapjoin_part
POSTHOOK: query: CREATE TABLE srcbucket_mapjoin_part (key int, value string) 
  partitioned by (ds string) CLUSTERED BY (key) INTO 3 BUCKETS
  STORED AS TEXTFILE
POSTHOOK: type: CREATETABLE
POSTHOOK: Output: database:default
POSTHOOK: Output: default@srcbucket_mapjoin_part
PREHOOK: query: load data local inpath '../../data/files/bmj/000000_0'
  INTO TABLE srcbucket_mapjoin_part partition(ds='2008-04-08')
PREHOOK: type: LOAD
#### A masked pattern was here ####
PREHOOK: Output: default@srcbucket_mapjoin_part
POSTHOOK: query: load data local inpath '../../data/files/bmj/000000_0'
  INTO TABLE srcbucket_mapjoin_part partition(ds='2008-04-08')
POSTHOOK: type: LOAD
#### A masked pattern was here ####
POSTHOOK: Output: default@srcbucket_mapjoin_part
POSTHOOK: Output: default@srcbucket_mapjoin_part@ds=2008-04-08
PREHOOK: query: load data local inpath '../../data/files/bmj/000001_0'
  INTO TABLE srcbucket_mapjoin_part partition(ds='2008-04-08')
PREHOOK: type: LOAD
#### A masked pattern was here ####
PREHOOK: Output: default@srcbucket_mapjoin_part@ds=2008-04-08
POSTHOOK: query: load data local inpath '../../data/files/bmj/000001_0'
  INTO TABLE srcbucket_mapjoin_part partition(ds='2008-04-08')
POSTHOOK: type: LOAD
#### A masked pattern was here ####
POSTHOOK: Output: default@srcbucket_mapjoin_part@ds=2008-04-08
PREHOOK: query: load data local inpath '../../data/files/bmj/000002_0'
  INTO TABLE srcbucket_mapjoin_part partition(ds='2008-04-08')
PREHOOK: type: LOAD
#### A masked pattern was here ####
PREHOOK: Output: default@srcbucket_mapjoin_part@ds=2008-04-08
POSTHOOK: query: load data local inpath '../../data/files/bmj/000002_0'
  INTO TABLE srcbucket_mapjoin_part partition(ds='2008-04-08')
POSTHOOK: type: LOAD
#### A masked pattern was here ####
POSTHOOK: Output: default@srcbucket_mapjoin_part@ds=2008-04-08
PREHOOK: query: CREATE TABLE srcbucket_mapjoin_part_2 (key int, value string)
  partitioned by (ds string) CLUSTERED BY (key) INTO 2 BUCKETS
  STORED AS TEXTFILE
PREHOOK: type: CREATETABLE
PREHOOK: Output: database:default
PREHOOK: Output: default@srcbucket_mapjoin_part_2
POSTHOOK: query: CREATE TABLE srcbucket_mapjoin_part_2 (key int, value string)
  partitioned by (ds string) CLUSTERED BY (key) INTO 2 BUCKETS
  STORED AS TEXTFILE
POSTHOOK: type: CREATETABLE
POSTHOOK: Output: database:default
POSTHOOK: Output: default@srcbucket_mapjoin_part_2
#### A masked pattern was here ####
