FAILED: Error in semantic analysis: line 6:8 Cannot have both Cluster By and Sort By Clauses one
