FAILED: Error in semantic analysis: Line 1:14 Expression not in GROUP BY key value
