FAILED: Parse Error: line 1:7 mismatched input 'tabl' expecting KW_TEMPORARY

