FAILED: Error in metadata: Partition collumn name aint conflicts with table columns.
FAILED: Execution Error, return code 1 from org.apache.hadoop.hive.ql.exec.DDLTask
