FAILED: ParseException line 2:4 cannot recognize input near 'sum' '(' 'p_retailprice' in expression specification
