FAILED: Error in semantic analysis: Sampling percentage should be between 0 and 100.
